java : Picked up JAVA_TOOL_OPTIONS: -Dfile.encoding=UTF-8 -Dstdout.encoding=UTF-8
所在位置 行:19 字符: 145
+ ... ing=UTF-8"; java -cp "lib\mssql-jdbc.jar" SqlRunner.java "jdbc:sqlser ...
+                 ~~~~~~~~~~~~~~~~~~~~~~~~~~~~~~~~~~~~~~~~~~~~~~~~~~~~~~~~~
    + CategoryInfo          : NotSpecified: (Picked up JAVA_....encoding=UTF-8:String) [], RemoteException
    + FullyQualifiedErrorId : NativeCommandError
 
[connected] Microsoft SQL Server 15.00.2000 as yinjia
== _q-3reports-mapping3.sql ==
  | CK01 | CL002 | 2 | 1 | 1 | 2 | 1 | 
  | CK02 | CL002 | 2 | 1 | 1 | 2 | 1 | 
  | CK03 | CL002 | 2 | 1 | 1 | 2 | 1 | 
  | CK04 | CL002 | 2 | 1 | 1 | 2 | 1 | 
  | CK05 | CL002 | 2 | 1 | 1 | 2 | 1 | 
  | CK00006 | YJ-SX-031 | 2 | 1 | 1 | 2 | 2 | 
  | CK00006 | YJ-AJ-017 | PP棉 | 33*41*204(橘皮） | 支 | 200.0000 | 150.0000 | 
  | CK00006 | YJ-KG-JC-B02 | 金橙客供盖 | B-70-04/05 | 套 | 100.0000 | 5.5000 | 
  | CK00006 | YJ-SX-031 | 端盖 | 036 | 个 | 100.0000 | 100.0000 | 
  | CK00006 | YJ-SX-031 | 端盖 | 绿色中性（超棉） | PCS | 4500.0000 | 1485.0000 | 
  | CK00006 | YJ-SX-035 | 端盖 | 蓝色大咖（超棉+丝印） | PCS | 1800.0000 | 990.0000 | 
  | CK00006 | YJ-XWR-003 | 白色无纺布130g | 220*495（20寸） | 张 | 10000.0000 | 3900.0000 | 
  | CK00006 | YJ-XWR-031 | 白色无纺布80g | 119*135 | 张 | 200.0000 | 13.0000 | 
  | CK00006 | YJ-XWR-032 | 白色无纺布100g | 50.6-14mm | 张 | 200.0000 | 10.0000 | 
  | CK01 | C-95-13 | 006项目/功能炭棒滤芯 | 57*21*66.5 | 支 | -19.0000 | 0.0000 | 
  | CK01 | C-95-13**TB | 006项目/功能炭棒滤芯 | 57*21*66.5 | 支 | -444.0000 | 0.0000 | 
  | CK01 | C-95-14 | 006项目/功能炭棒滤芯 | 30*10*182 | 支 | -965.0000 | 0.0000 | 
  | CK01 | C-95-14**TB | 006项目/功能炭棒滤芯 | 30*10*182 | 支 | 630.0000 | 86482.2000 | 
  | CK01 | CL001 | 45#圆钢 | Φ60 | kg | -452.0000 | 26160.0000 | 
  | CK01 | CL002 | 6061铝锭 |  | kg | -1236.0000 | -62887.6800 | 
  | CK01 | CL002 | 6061铝锭 | A00 | kg | -1014.0000 | -51592.3200 | 
  | CK01 | CL003 | 6063铝棒 | Φ120 | kg | -87.0000 | 0.0000 | 
  | CK01 | CL004 | 切削液 | 20L/桶 | 升 | -512.0000 | 0.0000 | 
  | CK01 | CP002 | 铝板 6061 |  | 件 | 529.0000 | 12510.8500 | 
  | CK01 | CP003 | 铝型材-散热片 |  | 件 | -17.0000 | 99646.4000 | 
  | CK01 | CP005 | 轴套 C |  | 件 | -432.0000 | 0.0000 | 
  | CK02 | C-95-13 | 006项目/功能炭棒滤芯 | 57*21*66.5 | 支 | 53.0000 | 8335.2268 | 
  | CK02 | C-95-13**TB | 006项目/功能炭棒滤芯 | 57*21*66.5 | 支 | -153.0000 | 0.0000 | 
  | CK02 | C-95-14 | 006项目/功能炭棒滤芯 | 30*10*182 | 支 | 451.0000 | 86605.5300 | 
  | CK02 | C-95-14**TB | 006项目/功能炭棒滤芯 | 30*10*182 | 支 | -107.0000 | 0.0000 | 
  | CK02 | CL001 | 45#圆钢 | Φ60 | kg | 1300.0000 | 183213.3787 | 
  | CK02 | CL002 | 6061铝锭 |  | kg | 504.0000 | 49923.2800 | 
  | CK02 | CL002 | 6061铝锭 | A00 | kg | 494.0000 | 77736.1586 | 
  | CK02 | CL003 | 6063铝棒 | Φ120 | kg | 626.0000 | 7528.2000 | 
  | CK02 | CL004 | 切削液 | 20L/桶 | 升 | 62.0000 | 8961.8848 | 
  | CK02 | CL005 | 包装木箱 | 1200×800 | 件 | -388.0000 | 0.0000 | 
  | CK02 | CP001 | 铝棒 Φ80 |  | 件 | -382.0000 | 0.0000 | 
  | CK02 | CP002 | 铝板 6061 |  | 件 | -242.0000 | -32234.4000 | 
  | CK02 | CP003 | 铝型材-散热片 |  | 件 | -438.0000 | 0.0000 | 
  | CK02 | CP004 | 减速箱体 A |  | 件 | 1928.0000 | 128491.6800 | 
  | CK03 | C-95-13 | 006项目/功能炭棒滤芯 | 57*21*66.5 | 支 | -59.0000 | -37312.6376 | 
  | CK03 | C-95-13**TB | 006项目/功能炭棒滤芯 | 57*21*66.5 | 支 | -622.0000 | -72506.5400 | 
  | CK03 | C-95-14 | 006项目/功能炭棒滤芯 | 30*10*182 | 支 | 455.0000 | 131145.4300 | 
  | CK03 | C-95-14**TB | 006项目/功能炭棒滤芯 | 30*10*182 | 支 | 928.0000 | 68608.4000 | 
  | CK03 | CL001 | 45#圆钢 | Φ60 | kg | 1122.0000 | 183323.3201 | 
  | CK03 | CL002 | 6061铝锭 |  | kg | 474.0000 | 18585.5400 | 
  | CK03 | CL002 | 6061铝锭 | A00 | kg | 954.0000 | 132024.0600 | 
  | CK03 | CL003 | 6063铝棒 | Φ120 | kg | 781.0000 | 52092.7000 | 
  | CK03 | CL004 | 切削液 | 20L/桶 | 升 | -115.0000 | 0.0000 | 
  | CK03 | CL005 | 包装木箱 | 1200×800 | 件 | 1500.0000 | 150442.4117 | 
  | CK03 | CP001 | 铝棒 Φ80 |  | 件 | 1292.0000 | 99248.8800 | 
  | CK03 | CP003 | 铝型材-散热片 |  | 件 | -651.0000 | 0.0000 | 
  | CK03 | CP004 | 减速箱体 A |  | 件 | -490.0000 | 0.0000 | 
  | CK03 | CP005 | 轴套 C |  | 件 | -131.0000 | 32050.4800 | 
  | CK04 | C-95-13 | 006项目/功能炭棒滤芯 | 57*21*66.5 | 支 | 941.0000 | 4553.6000 | 
  | CK04 | C-95-13**TB | 006项目/功能炭棒滤芯 | 57*21*66.5 | 支 | -595.0000 | 0.0000 | 
  | 1 | 采购入库单 | 入库 | 
  | 5 | 销售出库单 | 出库 | 
  | 140 | 243 | 7 | 
[OK] _q-3reports-mapping3.sql (5 batches)
