
bd_pu_order|id
bd_pu_order|单据日期
bd_pu_order|单据编号
bd_pu_order|项目
bd_pu_order|供应商
bd_pu_order|供应商编码
bd_pu_order|币种
bd_pu_order|汇率
bd_pu_order|到货地址
bd_pu_order|交货日期
bd_pu_order|发货状态
bd_pu_order|合同号
bd_pu_order|订金金额
bd_pu_order|付款方式
bd_pu_order|数据来源
bd_pu_order|备注
bd_pu_order|单据状态
bd_pu_order|审核人
bd_pu_order|审核时间
bd_pu_order|审批人
bd_pu_order|审批时间
bd_pu_order|asp_user1
bd_pu_order|asp_time1
bd_pu_order|asp_user2
bd_pu_order|asp_time2
bd_pu_order|asp_cancel
bd_pu_order|结算期限
bd_pu_order|外部数据ID
bd_pu_order|外部单据号
bd_pu_order|外部指纹
bd_so_order|id
bd_so_order|单据编号
bd_so_order|单据日期
bd_so_order|客户
bd_so_order|客户编码
bd_so_order|结算客户
bd_so_order|部门
bd_so_order|部门负责人
bd_so_order|业务员
bd_so_order|项目
bd_so_order|预计交货日期
bd_so_order|联系人
bd_so_order|备注
bd_so_order|单据状态
bd_so_order|审核人
bd_so_order|审核时间
bd_so_order|审批人
bd_so_order|审批时间
bd_so_order|asp_user1
bd_so_order|asp_time1
bd_so_order|asp_cancel
bd_so_order|asp_user2
bd_so_order|asp_time2
bd_so_order|币种
bd_so_order|汇率
bd_so_order|结算期限
bd_so_order|外部数据ID
bd_so_order|外部单据号
bd_so_order|外部指纹
bs_currency|id
bs_currency|编码
bs_currency|名称
bs_currency|币别符号
bs_currency|汇率
bs_currency|汇率类型
bs_currency|金额小数位
bs_currency|单价小数位
bs_currency|停用
bs_currency|状态
bs_currency|外部数据ID
bs_currency|外部单据号
bs_currency|外部指纹
bs_currency|asp_user1
bs_currency|asp_time1
bs_currency|asp_user2
bs_currency|asp_time2
bs_currency|asp_cancel
bs_currency|创建人
bs_currency|创建时间
bs_currency|修改人
bs_currency|修改时间
bs_customer_group|id
bs_customer_group|编码
bs_customer_group|名称
bs_customer_group|级次
bs_customer_group|是否叶子节点
bs_customer_group|上级编码
bs_customer_group|备注
bs_customer_group|停用
bs_customer_group|状态
bs_customer_group|外部数据ID
bs_customer_group|外部单据号
bs_customer_group|外部指纹
bs_customer_group|asp_user1
bs_customer_group|asp_time1
bs_customer_group|asp_user2
bs_customer_group|asp_time2
bs_customer_group|asp_cancel
bs_dept|id
bs_dept|部门编码
bs_dept|部门名称
bs_dept|负责人
bs_dept|停用
bs_dept|备注
bs_dept|状态
bs_dept|asp_user1
bs_dept|asp_time1
bs_dept|asp_user2
bs_dept|asp_time2
bs_dept|asp_cancel
bs_dept|上级部门
bs_dept|部门类型
bs_dept|电话
bs_dept|外部数据ID
bs_dept|外部单据号
bs_dept|外部指纹
bs_dept|级次
bs_dept|长编码
bs_dept|部门全称
bs_dept|上级编码
bs_dept|是否叶子节点
bs_emp|id
bs_emp|员工编码
bs_emp|员工名称
bs_emp|所属部门
bs_emp|业务员
bs_emp|证件类型
bs_emp|证件号码
bs_emp|职务
bs_emp|职称
bs_emp|办公电话
bs_emp|手机
bs_emp|停用
bs_emp|备注
bs_emp|状态
bs_emp|asp_user1
bs_emp|asp_time1
bs_emp|asp_user2
bs_emp|asp_time2
bs_emp|asp_cancel
bs_emp|外部数据ID
bs_emp|外部单据号
bs_emp|外部指纹
bs_emp|性别
bs_emp|部门编码
bs_emp|入职日期
bs_emp|离职日期
bs_emp|邮箱
bs_emp|生日
bs_emp|微信
bs_inv|id
bs_inv|所属类别
bs_inv|存货编码
bs_inv|存货名称
bs_inv|规格型号
bs_inv|计价方式
bs_inv|品牌
bs_inv|计量单位
bs_inv|属性
bs_inv|参考成本
bs_inv|最新成本
bs_inv|建档日期
bs_inv|停用
bs_inv|备注
bs_inv|状态
bs_inv|asp_user1
bs_inv|asp_time1
bs_inv|asp_user2
bs_inv|asp_time2
bs_inv|asp_cancel
bs_inv|是否检验
bs_inv|检验方式
bs_inv|数据来源
bs_inv|ERP更新时间
bs_inv|条形码
bs_inv|外部数据ID
bs_inv|外部单据号
bs_inv|外部指纹
bs_inv|助记码
bs_inv|产地
bs_inv|商品类型
bs_inv|是否可销售
bs_inv|是否可采购
bs_inv|是否为子件
bs_inv|是否为组件
bs_inv|是否多单位
bs_inv|辅助单位
bs_inv|辅助单位编码
bs_inv|是否启用保质期
bs_inv|保质期
bs_inv|保质期单位
bs_inv|预警天数
bs_inv|是否启用辅助属性
bs_inv|库存管理方式
bs_inv|最低库存
bs_inv|最高库存
bs_inv|预警库存
bs_inv|销项税率
bs_inv|进项税率
bs_inv|生产许可证
bs_inv|注册证号
bs_inv|毛重
bs_inv|净重
bs_inv|长
bs_inv|宽
bs_inv|高
bs_inv|体积
bs_inv|可用库存
bs_inv|即时库存
bs_inv|最小包装量
bs_inv|默认生产车间编码
bs_inv|是否倒冲领料
bs_inv|倒冲仓库名称
bs_inv|倒冲仓库编码
bs_inv|倒冲仓位名称
bs_inv|商品标签
bs_inv|采购价
bs_inv|零售价
bs_inv|批发价
bs_inv|配送价
bs_inv|最低销售价
bs_inv|最高采购价
bs_inv|最近采购价
bs_inv|最近销售价
bs_inv|最近含税采购价
bs_inv|最近含税销售价
bs_inv|最近采购入库成本
bs_inv|最近成交供应商
bs_inv|委外价
bs_inv|价格单位
bs_inv|品牌编码
bs_inv|默认仓库
bs_inv|默认仓库编码
bs_inv|基本单位编码
bs_inv|是否自制
bs_inv|多单位
bs_inv|图片链接
bs_inv|是否启用称重
bs_inv|是否序列号管理
bs_inv|是否批次管理
bs_material_group|id
bs_material_group|编码
bs_material_group|名称
bs_material_group|级次
bs_material_group|是否叶子节点
bs_material_group|上级编码
bs_material_group|停用
bs_material_group|状态
bs_material_group|外部数据ID
bs_material_group|外部单据号
bs_material_group|外部指纹
bs_material_group|asp_user1
bs_material_group|asp_time1
bs_material_group|asp_user2
bs_material_group|asp_time2
bs_material_group|asp_cancel
bs_material_group|创建时间
bs_material_group|修改时间
bs_material_group|备注
bs_material_group|创建人
bs_material_group|修改人
bs_settle_type|id
bs_settle_type|名称
bs_settle_type|是否默认
bs_settle_type|停用
bs_settle_type|备注
bs_settle_type|状态
bs_settle_type|外部数据ID
bs_settle_type|外部单据号
bs_settle_type|外部指纹
bs_settle_type|asp_user1
bs_settle_type|asp_time1
bs_settle_type|asp_user2
bs_settle_type|asp_time2
bs_settle_type|asp_cancel
bs_supplier_group|id
bs_supplier_group|编码
bs_supplier_group|名称
bs_supplier_group|级次
bs_supplier_group|是否叶子节点
bs_supplier_group|上级编码
bs_supplier_group|停用
bs_supplier_group|状态
bs_supplier_group|外部数据ID
bs_supplier_group|外部单据号
bs_supplier_group|外部指纹
bs_supplier_group|asp_user1
bs_supplier_group|asp_time1
bs_supplier_group|asp_user2
bs_supplier_group|asp_time2
bs_supplier_group|asp_cancel
bs_uom|id
bs_uom|计量单位编码
bs_uom|计量单位名称
bs_uom|单位类型
bs_uom|主单位
bs_uom|换算率
bs_uom|备注
bs_uom|状态
bs_uom|asp_user1
bs_uom|asp_time1
bs_uom|asp_user2
bs_uom|asp_time2
bs_uom|asp_cancel
bs_uom|小数位数
bs_uom|停用
bs_uom|外部数据ID
bs_uom|外部单据号
bs_uom|外部指纹
bs_uom|长编码
bs_uom|精度处理
bs_uom|是否叶子节点
bs_uom|级次
bs_uom|创建时间
bs_uom|修改时间
bs_wh|id
bs_wh|仓库编码
bs_wh|仓库名称
bs_wh|仓库地址
bs_wh|负责人
bs_wh|停用
bs_wh|允许零库存出库
bs_wh|备注
bs_wh|状态
bs_wh|asp_user1
bs_wh|asp_time1
bs_wh|asp_user2
bs_wh|asp_time2
bs_wh|asp_cancel
bs_wh|仓库类型
bs_wh|所属车间
bs_wh|联系人
bs_wh|联系电话
bs_wh|外部数据ID
bs_wh|外部单据号
bs_wh|外部指纹
bs_wh|国家
bs_wh|省
bs_wh|市
bs_wh|区
bs_wh|启用仓位管理
bs_wh|仓库管理员编码
bs_wh|仓库分类
bs_wh|仓库分类编码
dm_gf|id
dm_gf|dm
dm_gf|mc
dm_gf|csjb
dm_gf|addr
dm_gf|tel
dm_gf|ywman
dm_gf|sui_no
dm_gf|bank
dm_gf|bank_no
dm_gf|ckadd
dm_gf|bz
dm_gf|asp_cancel
dm_gf|asp_user1
dm_gf|asp_time1
dm_gf|asp_user2
dm_gf|asp_time2
dm_gf|gysfl
dm_gf|外部数据ID
dm_gf|外部单据号
dm_gf|外部指纹
dm_gf|采购员部门
dm_gf|自动抵扣预收款
dm_gf|供应商分类编码
dm_gf|增值税税率
dm_gf|开票名称
dm_gf|开户地址
dm_gf|联系人
dm_gf|供应商联系人手机
dm_gf|供应商联系人座机
dm_gf|供应商联系人邮箱
dm_gf|供应商联系人地址
dm_kh|comm
dm_kh|id
dm_kh|dm
dm_kh|mc
dm_kh|addr
dm_kh|yzbm
dm_kh|tel
dm_kh|itladd
dm_kh|ywman
dm_kh|email
dm_kh|sui_no
dm_kh|bank_no
dm_kh|bank
dm_kh|card_no
dm_kh|mb_reb
dm_kh|dist
dm_kh|od_lx
dm_kh|khjb
dm_kh|tax
dm_kh|fptt
dm_kh|mzjs
dm_kh|xtzh
dm_kh|khly
dm_kh|khhy
dm_kh|sjkh
dm_kh|khfz
dm_kh|gsbm
dm_kh|cyry
dm_kh|lyxs
dm_kh|cjzt
dm_kh|gjcs
dm_kh|zhgjsj
dm_kh|zhgjjl
dm_kh|lqcs
dm_kh|zhlqsj
dm_kh|cjze
dm_kh|sccjsj
dm_kh|gj
dm_kh|sheng
dm_kh|shi
dm_kh|qu
dm_kh|sdbj
dm_kh|quyu
dm_kh|kplxdh
dm_kh|frdb
dm_kh|zczb
dm_kh|clrq
dm_kh|khlb
dm_kh|bz
dm_kh|fj1
dm_kh|fj2
dm_kh|fj3
dm_kh|fj4
dm_kh|fj5
dm_kh|fj6
dm_kh|pxdm
dm_kh|asp_user1
dm_kh|asp_time1
dm_kh|asp_user2
dm_kh|asp_time2
dm_kh|asp_user3
dm_kh|asp_time3
dm_kh|asp_cancel
dm_kh|asp_user4
dm_kh|asp_time4
dm_kh|asp_print
dm_kh|lxr
dm_kh|外部数据ID
dm_kh|外部单据号
dm_kh|外部指纹
dm_kh|客户分类编码
dm_kh|价格等级编码
dm_kh|业务员编码
dm_kh|结算客户
dm_kh|结算客户编码
dm_kh|部门
dm_kh|部门编码
dm_kh|增值税税率
dm_kh|开票名称
dm_kh|发票类型
dm_kh|国家编码
dm_kh|省份编码
dm_kh|城市编码
dm_kh|区县编码
dm_kh|结算期限
dm_kh|结算期限编码
dm_kh|自动抵扣预收款
dm_kh|信用额度
dm_kh|创建人
dm_kh|创建时间
dm_kh|修改时间
dm_kh|联系人性别
dm_kh|首要联系人
dm_kh|收票邮箱
dm_kh|收票手机号
dm_kh|开户地址
dm_kh|联系人手机
dm_kh|联系人座机
dm_kh|联系人邮箱
dm_kh|联系人生日
dm_kh|联系人QQ
dm_kh|联系人微信
dm_kh|联系人地址
