java : Picked up JAVA_TOOL_OPTIONS: -Dfile.encoding=UTF-8 -Dstdout.encoding=UTF-8
所在位置 行:14 字符: 139
+ ... ing=UTF-8"; java -cp "lib\mssql-jdbc.jar" SqlRunner.java "jdbc:sqlser ...
+                 ~~~~~~~~~~~~~~~~~~~~~~~~~~~~~~~~~~~~~~~~~~~~~~~~~~~~~~~~~
    + CategoryInfo          : NotSpecified: (Picked up JAVA_....encoding=UTF-8:String) [], RemoteException
    + FullyQualifiedErrorId : NativeCommandError
 
[connected] Microsoft SQL Server 15.00.2000 as yinjia
== _q-kucun-usage.sql ==
  | 36 | 0 | 36 | 24 | 2 | 7 | 7010.0 | 0.0 | 7010.0 | 0 | 
  | YJ-SX-031 | CK00006 | PC0000 | 4500.0 | 0.0 | 4500.0 | 0.33 | null | 2026-09-17 12:11:47.9230000 | 
  | YJ-SX-035 | CK00006 | PC0000 | 1800.0 | 0.0 | 1800.0 | 0.55 | null | 2026-09-17 12:11:47.9270000 | 
  | YJ-AJ-017 | CK00006 | 20260924 | 200.0 | 0.0 | 200.0 | 0.75 | null | 2026-09-24 14:42:27.0270000 | 
  | YJ-XWR-031 | CK00006 | 20260922 | 200.0 | 0.0 | 200.0 | 0.065 | null | 2026-09-23 10:00:14.1170000 | 
  | YJ-XWR-032 | CK00006 | 20260922 | 200.0 | 0.0 | 200.0 | 0.05 | null | 2026-09-23 10:00:14.1230000 | 
  | YJ-KG-JC-B02 | CK00006 | 20260923 | 100.0 | 0.0 | 100.0 | 0.055 | null | 2026-09-23 10:12:33.2400000 | 
  | Y-S-T | YCL-01 | 20260922 | 10.0 | 0.0 | 10.0 | 51.0 | null | 2026-09-22 11:46:09.0270000 | 
  | Y-S-T | YCL-01 | 20260921 | 0.0 | 0.0 | 0.0 | 51.0 | null | 2026-09-22 11:47:48.6400000 | 
  | Y-S-T | YCL-01 | 手工-20260922-A | 0.0 | 0.0 | 0.0 | 51.0 | null | 2026-09-22 11:47:52.7470000 | 
  | Y-S-T | YCL-01 | 手工-20260922-B | 0.0 | 0.0 | 0.0 | 51.0 | null | 2026-09-22 11:48:13.1130000 | 
  | Y-GL-300400 | YCL-01 | 20260921 | 0.0 | 0.0 | 0.0 | 26.0 | null | 2026-09-22 12:23:27.6030000 | 
  | Y-GL-300400 | YCL-01 | 手工-20260922-A | 0.0 | 0.0 | 0.0 | 26.0 | null | 2026-09-22 12:23:31.5370000 | 
[OK] _q-kucun-usage.sql (3 batches)
