java : Picked up JAVA_TOOL_OPTIONS: -Dfile.encoding=UTF-8 -Dstdout.encoding=UTF-8
所在位置 行:1 字符: 226
+ ... ing=UTF-8"; java -cp "lib\mssql-jdbc.jar" SqlRunner.java "jdbc:sqlser ...
+                 ~~~~~~~~~~~~~~~~~~~~~~~~~~~~~~~~~~~~~~~~~~~~~~~~~~~~~~~~~
    + CategoryInfo          : NotSpecified: (Picked up JAVA_....encoding=UTF-8:String) [], RemoteException
    + FullyQualifiedErrorId : NativeCommandError
 
[connected] Microsoft SQL Server 15.00.2000 as yinjia
== _q-matout-reflink-evidence.sql ==
  | kg | kg | 
  | PCS | PCS | 
  | 个 | 个 | 
  | 卷 | 卷 | 
  | 套 | 套 | 
  | 张 | 张 | 
  | 支 | 支 | 
  | 条 | 条 | 
  | 桶 | 桶 | 
  | 次 | 次 | 
  | 片 | 片 | 
  | 米 | 米 | 
  | cm | cm | 
  | g | g | 
  | l | L | 
  | ml | ml | 
  | 件 | 件 | 
  | 份 | 份 | 
  | 包 | 包 | 
  | 只 | 只 | 
  | 台 | 台 | 
  | 吨 | 吨 | 
  | 支（成型前） | 支（成型前） | 
  | 瓶 | 瓶 | 
  | 盒 | 盒 | 
  | 箱 | 箱 | 
  | U01 | 件 | 
  | U02 | kg | 
  | U03 | 套 | 
  | U04 | 升 | 
  | U05 | 台 | 
  | U06 | 吨 | 
  | U07 | g | 
  | U08 | 2 | 
  | 材料出库行 | kg | 2 | 命中 | 
  | 材料出库行 | 件 | 2 | 命中 | 
  | 采购入库行 | kg | 120 | 命中 | 
  | 采购入库行 | 支 | 47 | 命中 | 
  | 采购入库行 | 件 | 41 | 命中 | 
  | 采购入库行 | 个 | 38 | 命中 | 
  | 采购入库行 | 套 | 6 | 命中 | 
  | 采购入库行 | 张 | 5 | 命中 | 
  | 采购入库行 | 升 | 4 | 命中 | 
  | 采购入库行 | PCS | 4 | 命中 | 
  | 采购入库行 | 次 | 1 | 命中 | 
  | 采购入库行 | 米 | 1 | 命中 | 
  | 采购入库行 | 箱 | 1 | 命中 | 
  | 商品档案 | 支 | 2145 | 命中 | 
  | 商品档案 | 支（成型前） | 662 | 命中 | 
  | 商品档案 | kg | 252 | 命中 | 
  | 商品档案 | 张 | 191 | 命中 | 
  | 商品档案 | 个 | 146 | 命中 | 
  | 商品档案 | 套 | 145 | 命中 | 
  | 商品档案 | PCS | 113 | 命中 | 
  | 商品档案 | 卷 | 72 | 命中 | 
  | 商品档案 | 条 | 63 | 命中 | 
  | 商品档案 | g | 25 | 命中 | 
  | 商品档案 | 盒 | 14 | 命中 | 
  | 商品档案 | 件 | 6 | 命中 | 
  | 商品档案 | 份 | 5 | 命中 | 
  | 商品档案 | 米 | 3 | 命中 | 
  | 商品档案 | 桶 | 2 | 命中 | 
  | 商品档案 | 升 | 1 | 命中 | 
  | 商品档案 | 只 | 1 | 命中 | 
  | 商品档案 | 片 | 1 | 命中 | 
  | 商品档案 | 瓶 | 1 | 命中 | 
  | 材料出库头 | 精整车间 | 2 | 命中 | 
  | 辅料仓 | 2 | 命中 | 
  | 原料仓 | 2 | 命中 | 
  | UOM | 计量单位编码 | 计量单位编码 | 文本 | query,detail | 10 | 
  | UOM | 计量单位名称 | 计量单位名称 | 文本 | query,detail | 20 | 
  | UOM | 单位类型 | 换算类型 | 下拉框 | detail | 30 | 
  | UOM | 小数位数 | 数量小数位 | 整数 | detail | 60 | 
  | UOM | 停用 | 停用 | 是否 | query,detail | 70 | 
  | UOM | 长编码 | 长编码 | 文本 | query,detail | 900 | 
  | UOM | 精度处理 | 精度处理 | 整数 | detail | 900 | 
  | UOM | 是否叶子节点 | 是否叶子节点 | 是否 | detail | 900 | 
  | UOM | 级次 | 级次 | 整数 | detail | 900 | 
  | UOM | 创建时间 | 创建时间 | 日期 | query,detail | 900 | 
  | UOM | 修改时间 | 修改时间 | 日期 | query,detail | 900 | 
  | UOM | 创建人 | 创建人 | 文本 | detail | 950 | 
  | UOM | 修改人 | 修改人 | 文本 | detail | 950 | 
  | 有经手人编码字段的面板 | FINISH_IN_DETAIL | 经手人编码 | 经手人编码 | 文本 | 
  | 有经手人编码字段的面板 | INV | 基本单位编码 | 基本单位编码 | 文本 | 
  | 有经手人编码字段的面板 | MATERIAL_OUT | 单位编码 | 单位编码 | 文本 | 
  | 有经手人编码字段的面板 | MATERIAL_OUT | 基本单位编码 | 基本单位编码 | 文本 | 
  | 有经手人编码字段的面板 | MATERIAL_OUT | 经手人编码 | 经手人编码 | 文本 | 
  | 有经手人编码字段的面板 | OTHER_IN_DETAIL | 经手人编码 | 经手人编码 | 文本 | 
  | 有经手人编码字段的面板 | OTHER_OUT_DETAIL | 经手人编码 | 经手人编码 | 文本 | 
  | 有经手人编码字段的面板 | PU_ORDER | 单位编码 | 单位编码 | 文本 | 
  | 有经手人编码字段的面板 | PU_ORDER | 基本单位编码 | 基本单位编码 | 文本 | 
  | 有经手人编码字段的面板 | PURCHASE_IN | 单位编码 | 单位编码 | 文本 | 
  | 有经手人编码字段的面板 | PURCHASE_IN | 基本单位编码 | 基本单位编码 | 文本 | 
  | 有经手人编码字段的面板 | PURCHASE_IN | 经手人编码 | 经手人编码 | 文本 | 
  | 有经手人编码字段的面板 | PURCHASE_IN_DETAIL | 经手人编码 | 经手人编码 | 文本 | 
  | 有经手人编码字段的面板 | SALE_OUT | 单位编码 | 单位编码 | 文本 | 
  | 有经手人编码字段的面板 | SALE_OUT | 基本单位编码 | 基本单位编码 | 文本 | 
  | 有经手人编码字段的面板 | SALE_OUT | 经手人编码 | 经手人编码 | 文本 | 
  | 有经手人编码字段的面板 | SALE_OUT_DETAIL | 经手人编码 | 经手人编码 | 文本 | 
  | 有经手人编码字段的面板 | SO_ORDER | 单位编码 | 单位编码 | 文本 | 
  | 有经手人编码字段的面板 | SO_ORDER | 基本单位编码 | 基本单位编码 | 文本 | 
[OK] _q-matout-reflink-evidence.sql (8 batches)
