java : Picked up JAVA_TOOL_OPTIONS: -Dstdout.encoding=UTF-8 -Dfile.encoding=UTF-8
所在位置 行:3 字符: 1
+ java -cp "lib\mssql-jdbc.jar" verify\DbNormAudit.java 2>&1 | Out-File ...
+ ~~~~~~~~~~~~~~~~~~~~~~~~~~~~~~~~~~~~~~~~~~~~~~~~~~~~~~~~~~
    + CategoryInfo          : NotSpecified: (Picked up JAVA_....encoding=UTF-8:String) [], RemoteException
    + FullyQualifiedErrorId : NativeCommandError
 
=== 数据库规范体检 @ HSDZ_MES_RESTORE ===
(豁免登记:table 46, panel 2, col 69, dupkey 97, count 3, skiplabel 27)

[FAIL] 01 表命名合规(白名单外) —— 27 处
        dm_gx
        dm_ywy
        pr_asm_daily
        pr_asm_incoming
        pr_asm_return
        pr_black_test
        pr_cut_daily
        pr_demold_qc
        pr_efficiency
        pr_flow_card
        pr_form_daily
        pr_form_first
        …(还有 15 项)
[FAIL] 02 表级中文注明(白名单外) —— 23 处
        dm_gx
        dm_ywy
        qc_bhc
        qc_bhc_detail
        qc_bhg
        qc_bhg_detail
        qc_bhz
        qc_bhz_detail
        qc_jjf
        qc_jjf_detail
        qc_lyb
        qc_lyb_detail
        …(还有 11 项)
[FAIL] 03 拼音/英文列名的列注明(共 481 列;存量收敛) —— 实际 481,超过存量基线 0(棘轮:只许降不许升)
        bd_pu_order.delivery_type_id
        bd_pu_order.delivery_type_number
        bd_purchase_in.supplier_id
        bd_purchase_in.emp_id
        bd_purchase_in.delivery_type_id
        bd_purchase_in.creator_id
        bd_purchase_in.creator_number
        bd_purchase_in.modifier_id
        bd_purchase_in.modifier_number
        bd_purchase_in.auditor_id
        bd_purchase_in.auditor_number
        bd_purchase_in.dept_id
        …(还有 469 项)
[FAIL] 04 业务表主键与审计四件套 —— 68 处
        bd_account
        bd_dispatch
        bd_expense_type
        bd_finish_in
        bd_manu_order
        bd_material_out
        bd_other_in
        bd_other_out
        bd_outsource_in
        bd_outsource_issue
        bd_outsource_order
        bd_pu_order
        …(还有 56 项)
[FAIL] 05 元数据漂移(字段不在其所在对象里) —— 155 处
        DISPATCH_STATS.部门(query → v_dispatch_stats)
        FINISH_IN_DETAIL.创建时间(detail → v_finish_in_detail)
        FINISH_IN_DETAIL.仓库编码(detail → v_finish_in_detail)
        FINISH_IN_DETAIL.生产车间编码(detail → v_finish_in_detail)
        FINISH_IN_DETAIL.经手人编码(detail → v_finish_in_detail)
        FINISH_IN_DETAIL.制单人(detail → v_finish_in_detail)
        FINISH_IN_DETAIL.存货编码(detail → v_finish_in_detail)
        FINISH_IN_DETAIL.存货(query,detail → v_finish_in_detail)
        FINISH_IN_DETAIL.计量单位2(detail → v_finish_in_detail)
        FINISH_IN_DETAIL.实收数量2(detail → v_finish_in_detail)
        FINISH_IN_STATS.项目(detail → v_finish_in_stats)
        FINISH_IN_STATS.存货编码(detail → v_finish_in_stats)
        …(还有 143 项)
[PASS] 06 面板指向不存在的表/视图
[FAIL] 07 完全重复的字段登记行 —— 46 处
        INV.来料检验 (detail,seq 44)
        LOT_TRACE.仓库 (detail,seq 80)
        LOT_TRACE.单据编号 (detail,seq 50)
        LOT_TRACE.单据日期 (detail,seq 60)
        LOT_TRACE.对象 (detail,seq 110)
        LOT_TRACE.批号 (detail,seq 10)
        LOT_TRACE.事件 (detail,seq 40)
        LOT_TRACE.数量 (detail,seq 70)
        LOT_TRACE.物料编码 (detail,seq 20)
        LOT_TRACE.物料名称 (detail,seq 30)
        LOT_TRACE.相关人 (detail,seq 100)
        LOT_TRACE.状态 (detail,seq 90)
        …(还有 34 项)
[WARN] 08 同一列多标签(数据键不唯一;已登记 79 组) —— 32 处
        LOT_TRACE.单据编号
        LOT_TRACE.单据日期
        LOT_TRACE.批号
        LOT_TRACE.事件
        LOT_TRACE.物料编码
        LOT_TRACE.状态
        MANU_ORDER_DETAIL.产品名称
        PU_ORDER.备注
        RD_SAMPLE_NO.备注
        RD_SAMPLE_NO.项目名称
        RD_SAMPLE_NO.样品编号
        RD_SPEC_DOC.编号
        …(还有 20 项)
[FAIL] 09 缺 en 译名(面板 53 / 字段标签 279) —— 实际 332,超过存量基线 0(棘轮:只许降不许升)
        面板缺: 53 个;字段标签缺: 279 个
        Z-G-C批次
        Z-HP-C批次
        安装车间
        班次
        保养内容
        保养情况
        保养人
        保养项目
        保养责任人
        保养周期
        保养周期(天)
        报废原因
        …(还有 267 项)
        补齐:tools/scripts/trigger-mt.ps1;免译标签登记见 §5
[FAIL] 10 备份/临时表(应清零) —— 实际 1,超过存量基线 0(棘轮:只许降不许升)
        rd_progress_detail_bak_20260918
[PASS] 11 ≥10 万行且无非聚集索引的表(现存 0 张大表)
[PASS] 12 迁移链清单 ↔ 文件一致(清单 357 / 文件 370)
[FAIL] 13 面板引用对象缺 pk_col / asp_cancel(打开即 500) —— 2 处
        ERPLG_ROW → erp_imp_row 缺 asp_cancel
        LOT_TRACE → v_lot_trace 缺 id

=== 汇总: FAIL 9 / WARN 1 ===
RESULT: FAIL-9
