
PU_ORDER|单据日期|单据日期
PU_ORDER|物料编码|物料编码
PU_ORDER|单据编号|单据编号
PU_ORDER|物料名称|物料名称
PU_ORDER|项目|项目
PU_ORDER|规格型号|规格型号
PU_ORDER|供应商|供应商
PU_ORDER|单位|单位
PU_ORDER|供应商编码|供应商编码
PU_ORDER|币种|币种
PU_ORDER|数量|数量
PU_ORDER|数量2|数量2
PU_ORDER|计量单位2|计量单位2
PU_ORDER|汇率|汇率
PU_ORDER|单价|单价
PU_ORDER|结算期限|结算期限
PU_ORDER|到货地址|到货地址
PU_ORDER|金额|金额
PU_ORDER|交货日期|交货日期
PU_ORDER|税率%|税率%
PU_ORDER|发货状态|发货状态
PU_ORDER|含税单价|含税单价
PU_ORDER|合同号|合同号
PU_ORDER|含税金额|含税金额
PU_ORDER|订金金额|订金金额
PU_ORDER|仓库|仓库
PU_ORDER|付款方式|付款方式
PU_ORDER|预计到货日期|预计到货日期
PU_ORDER|数据来源|数据来源
PU_ORDER|现存量|现存量
PU_ORDER|现存量说明|现存量说明
PU_ORDER|备注|备注
PU_ORDER|折扣%|折扣%
PU_ORDER|折扣金额|折扣金额
PU_ORDER|备注|备注
SO_ORDER|单据编号|单据编号
SO_ORDER|品牌|品牌
SO_ORDER|单据日期|单据日期
SO_ORDER|存货名称|存货名称
SO_ORDER|客户|客户
SO_ORDER|存货编码|存货编码
SO_ORDER|客户编码|客户编码
SO_ORDER|规格型号|规格型号
SO_ORDER|结算客户|结算客户
SO_ORDER|数量|数量
SO_ORDER|销售单位|销售单位
SO_ORDER|币种|币种
SO_ORDER|单价|单价
SO_ORDER|汇率|汇率
SO_ORDER|部门|部门
SO_ORDER|税率%|税率%
SO_ORDER|部门负责人|部门负责人
SO_ORDER|含税单价|含税单价
SO_ORDER|业务员|业务员
SO_ORDER|金额|金额
SO_ORDER|含税金额|含税金额
SO_ORDER|结算期限|结算期限
SO_ORDER|项目|项目
SO_ORDER|折扣金额|折扣金额
SO_ORDER|预计交货日期|预计交货日期
SO_ORDER|联系人|联系人
SO_ORDER|现存量|现存量
SO_ORDER|备注|备注
SO_ORDER|备注|备注
