
CUR|编码|编码|query,detail|显示
CUR|名称|名称|query,detail|显示
CUR|币别符号|币别符号|detail|显示
CUR|汇率|汇率|detail|显示
CUR|汇率类型|汇率类型|detail|显示
CUR|金额小数位|金额小数位|detail|显示
CUR|单价小数位|单价小数位|detail|显示
CUR|停用|停用|detail|显示
CUR|创建人|创建人|detail|显示
CUR|创建时间|创建时间|detail|显示
CUR|修改人|修改人|detail|显示
CUR|修改时间|修改时间|detail|显示
CUSGRP|编码|编码|query,detail|显示
CUSGRP|名称|名称|query,detail|显示
CUSGRP|级次|级次|detail|显示
CUSGRP|是否叶子节点|是否叶子节点|detail|显示
CUSGRP|上级编码|上级编码|detail|显示
CUSGRP|备注|备注|detail|显示
CUSGRP|停用|停用|detail|显示
DEPT|部门编码|部门编码|detail|显示
DEPT|部门名称|部门名称|detail|显示
DEPT|负责人|负责人|detail|显示
DEPT|停用|停用|detail|显示
DEPT|上级部门|上级部门|detail|显示
DEPT|备注|备注|detail|显示
DEPT|级次|级次|detail|显示
DEPT|长编码|长编码|detail|显示
DEPT|部门全称|部门全称|detail|显示
DEPT|上级编码|上级编码|detail|显示
EMP|员工编码|员工编码|detail|显示
EMP|员工名称|员工名称|detail|显示
EMP|所属部门|所属部门|detail|显示
EMP|证件号码|证件号码|detail|显示
EMP|手机|手机|detail|显示
EMP|停用|停用|detail|显示
EMP|性别|性别|detail|显示
EMP|部门编码|部门编码|detail|显示
EMP|入职日期|入职日期|detail|显示
EMP|离职日期|离职日期|detail|显示
GFDA|dm|供应商编码|detail|显示
GFDA|mc|供应商名称|detail|显示
GFDA|gysfl|供应商分类|detail|显示
GFDA|addr|地址|detail|显示
GFDA|tel|电话|detail|显示
GFDA|ywman|采购员|detail|显示
GFDA|sui_no|开票税号|detail|显示
GFDA|bank|开户银行|detail|显示
GFDA|bank_no|银行账号|detail|显示
GFDA|bz|备注|detail|显示
GFDA|采购员部门|采购员部门|detail|显示
GFDA|自动抵扣预收款|自动抵扣预收款|detail|显示
INV|所属类别|所属类别|detail|显示
INV|存货编码|存货编码|query,detail|显示
INV|存货名称|存货名称|query,detail|显示
INV|规格型号|规格型号|detail|显示
INV|条形码|条形码|detail|显示
INV|计价方式|计价方式|detail|显示
INV|品牌|品牌|detail|显示
INV|计量单位|计量单位|detail|显示
INV|属性|属性|detail|显示
INV|参考成本|参考成本|detail|显示
INV|建档日期|建档日期|detail|显示
INV|停用|停用|detail|显示
INV|备注|备注|detail|显示
INV|助记码|助记码|detail|显示
INV|产地|产地|detail|显示
INV|商品类型|商品类型|detail|显示
INV|是否可销售|是否可销售|detail|显示
INV|是否可采购|是否可采购|detail|显示
INV|是否为子件|是否为子件|detail|显示
INV|是否为组件|是否为组件|detail|显示
INV|是否多单位|是否多单位|detail|显示
INV|辅助单位|辅助单位|detail|显示
INV|辅助单位编码|辅助单位编码|detail|显示
INV|是否启用保质期|是否启用保质期|detail|显示
INV|保质期|保质期|detail|显示
INV|保质期单位|保质期单位|detail|显示
INV|预警天数|预警天数|detail|显示
INV|是否启用辅助属性|是否启用辅助属性|detail|显示
INV|库存管理方式|库存管理方式|detail|显示
INV|最低库存|最低库存|detail|显示
INV|最高库存|最高库存|detail|显示
INV|预警库存|预警库存|detail|显示
INV|销项税率|销项税率|detail|显示
INV|进项税率|进项税率|detail|显示
INV|生产许可证|生产许可证|detail|显示
INV|注册证号|注册证号|detail|显示
INV|毛重|毛重|detail|显示
INV|净重|净重|detail|显示
INV|长|长|detail|显示
INV|宽|宽|detail|显示
INV|高|高|detail|显示
INV|体积|体积|detail|显示
INV|可用库存|可用库存|detail|显示
INV|即时库存|即时库存|detail|显示
INV|最小包装量|最小包装量|detail|显示
INV|默认生产车间编码|默认生产车间编码|detail|显示
INV|是否倒冲领料|是否倒冲领料|detail|显示
INV|倒冲仓库名称|倒冲仓库名称|detail|显示
INV|倒冲仓库编码|倒冲仓库编码|detail|显示
INV|倒冲仓位名称|倒冲仓位名称|detail|显示
INV|商品标签|商品标签|detail|显示
INV|采购价|采购价|detail|显示
INV|零售价|零售价|detail|显示
INV|批发价|批发价|detail|显示
INV|配送价|配送价|detail|显示
INV|最低销售价|最低销售价|detail|显示
INV|最高采购价|最高采购价|detail|显示
INV|最近采购价|最近采购价|detail|显示
INV|最近销售价|最近销售价|detail|显示
INV|最近含税采购价|最近含税采购价|detail|显示
INV|最近含税销售价|最近含税销售价|detail|显示
INV|最近采购入库成本|最近采购入库成本|detail|显示
INV|最近成交供应商|最近成交供应商|detail|显示
INV|委外价|委外价|detail|显示
INV|价格单位|价格单位|detail|显示
KHDA|dm|客户编码|detail|显示
KHDA|mc|客户名称|detail|显示
KHDA|khlb|客户分类|detail|显示
KHDA|khjb|价格等级|detail|显示
KHDA|addr|详细地址|detail|显示
KHDA|tel|电话|detail|显示
KHDA|lxr|联系人|detail|显示
KHDA|ywman|业务员|detail|显示
KHDA|sui_no|开票税号|detail|显示
KHDA|bank|开户银行|detail|显示
KHDA|bank_no|银行账号|detail|显示
KHDA|email|邮箱|detail|显示
KHDA|frdb|法人代表|detail|隐藏
KHDA|zczb|注册资本|detail|隐藏
KHDA|clrq|成立日期|detail|隐藏
KHDA|bz|备注|detail|显示
KHDA|gj|国家|detail|显示
KHDA|sheng|省|detail|显示
KHDA|shi|市|detail|显示
KHDA|qu|区|detail|显示
KHDA|客户分类编码|客户分类编码|detail|显示
KHDA|价格等级编码|价格等级编码|detail|显示
KHDA|业务员编码|业务员编码|detail|显示
KHDA|结算客户|结算客户|detail|显示
KHDA|结算客户编码|结算客户编码|detail|显示
KHDA|部门|部门|detail|显示
KHDA|部门编码|部门编码|detail|显示
KHDA|增值税税率|增值税税率|detail|显示
KHDA|开票名称|开票名称|detail|显示
KHDA|发票类型|发票类型|detail|显示
KHDA|国家编码|国家编码|detail|显示
KHDA|省份编码|省份编码|detail|显示
KHDA|城市编码|城市编码|detail|显示
KHDA|区县编码|区县编码|detail|显示
KHDA|结算期限|结算期限|detail|显示
KHDA|结算期限编码|结算期限编码|detail|显示
KHDA|自动抵扣预收款|自动抵扣预收款|detail|显示
KHDA|信用额度|信用额度|detail|显示
KHDA|创建人|创建人|detail|显示
KHDA|创建时间|创建时间|detail|显示
KHDA|修改时间|修改时间|detail|显示
KHDA|联系人性别|联系人性别|detail|显示
KHDA|首要联系人|首要联系人|detail|显示
MATGRP|编码|编码|query,detail|显示
MATGRP|名称|名称|query,detail|显示
MATGRP|级次|级次|detail|显示
MATGRP|是否叶子节点|是否叶子节点|detail|显示
MATGRP|上级编码|上级编码|detail|显示
MATGRP|停用|停用|detail|显示
MATGRP|创建时间|创建时间|detail|显示
MATGRP|修改时间|修改时间|detail|显示
SETTLE|名称|名称|query,detail|显示
SETTLE|是否默认|是否默认|detail|显示
SETTLE|停用|停用|detail|显示
SETTLE|备注|备注|detail|显示
SUPGRP|编码|编码|query,detail|显示
SUPGRP|名称|名称|query,detail|显示
SUPGRP|级次|级次|detail|显示
SUPGRP|是否叶子节点|是否叶子节点|detail|显示
SUPGRP|上级编码|上级编码|detail|显示
SUPGRP|停用|停用|detail|显示
UOM|计量单位编码|计量单位编码|detail|显示
UOM|计量单位名称|计量单位名称|detail|显示
UOM|单位类型|换算类型|detail|显示
UOM|小数位数|数量小数位|detail|显示
UOM|停用|停用|detail|显示
UOM|长编码|长编码|detail|显示
UOM|精度处理|精度处理|detail|显示
UOM|是否叶子节点|是否叶子节点|detail|显示
UOM|级次|级次|detail|显示
UOM|创建时间|创建时间|detail|显示
UOM|修改时间|修改时间|detail|显示
WH|仓库编码|仓库编码|detail|显示
WH|仓库名称|仓库名称|detail|显示
WH|仓库地址|仓库地址|detail|显示
WH|负责人|负责人|detail|显示
WH|停用|停用|detail|显示
WH|允许零库存出库|允许负库存|detail|显示
WH|联系电话|联系电话|detail|显示
WH|国家|国家|detail|显示
WH|省|省|detail|显示
WH|市|市|detail|显示
WH|区|区|detail|显示
WH|启用仓位管理|启用仓位管理|detail|显示
WH|仓库管理员编码|仓库管理员编码|detail|显示
