panel_code| 
----------|-
DISPATCH_STATS|v_dispatch_stats
ERPLG_ROW|erp_imp_row
FINISH_IN_DETAIL|v_finish_in_detail
FINISH_IN_STATS|v_finish_in_stats
LOT_TRACE|v_lot_trace
MANU_ORDER_STATS|v_manu_order_stats
MATERIAL_OUT_DETAIL|v_material_out_detail
MATERIAL_OUT_STATS|v_material_out_stats
OTHER_IN_DETAIL|v_other_in_detail
OTHER_IN_STATS|v_other_in_stats
OTHER_OUT_DETAIL|v_other_out_detail
OTHER_OUT_STATS|v_other_out_stats
OUTSOURCE_IN_STATS|v_outsource_in_stats
OUTSOURCE_ISSUE_DETAIL|v_outsource_issue_detail
OUTSOURCE_ISSUE_STATS|v_outsource_issue_stats
PURCHASE_IN_STATS|v_purchase_in_stats
SALE_OUT_DETAIL|v_sale_out_detail
SALE_OUT_STATS|v_sale_out_stats
SALES_ORDER_DETAIL|v_sales_order_detail
SALES_ORDER_STATS|v_sales_order_stats
