s
--- bs_inv 列 ---
col
id
所属类别
存货编码
存货名称
规格型号
计价方式
品牌
计量单位
属性
参考成本
最新成本
建档日期
停用
备注
状态
asp_user1
asp_time1
asp_user2
asp_time2
asp_cancel
是否检验
数据来源
ERP更新时间
条形码
外部数据ID
外部单据号
外部指纹
助记码
产地
商品类型
是否可销售
是否可采购
是否为子件
是否为组件
是否多单位
辅助单位
辅助单位编码
是否启用保质期
保质期
保质期单位
预警天数
是否启用辅助属性
库存管理方式
最低库存
最高库存
预警库存
销项税率
进项税率
生产许可证
注册证号
毛重
净重
长
宽
高
体积
可用库存
即时库存
最小包装量
默认生产车间编码
是否倒冲领料
倒冲仓库名称
倒冲仓库编码
倒冲仓位名称
商品标签
品牌编码
默认仓库
默认仓库编码
基本单位编码
是否自制
是否启用称重
是否序列号管理
是否批次管理
多单位
图片链接
采购价
零售价
批发价
配送价
最低销售价
最高采购价
最近采购价
最近销售价
最近含税采购价
最近含税销售价
最近采购入库成本
最近成交供应商
委外价
价格单位
parent_name
商品类别编码
is_show_aux_barcode
品牌id
商品计量单位id
默认仓库_stock_id
采购单位
辅助单位1,启动多单位，才需要传递
换算率1
换算单位1
辅助单位2
换算率2
换算单位2
辅助单位3
换算率3
换算单位3
销售单位
库存单位
报表辅助单位
辅助属性
商品条码
税收分类编码
默认仓位
默认供应商
采购员
重量单位
商品图片
套装信息对象
附件地址
默认生产车间id
倒冲仓库id
倒冲仓位id
倒冲仓位编码
来料检验
水分含量
检验方式
备用1
备用2
备用3
备用4
备用5
备用6
备用7
备用8
备用9
备用10
备用11
备用12
备用13
备用14
备用15
备用16
备用17
备用18
备用19
备用20
工艺路线
生产单位
单位换算率
