id|col_name|label|data_type|required|place|hidden|visible|seq|ref_panel|ref_field|tab_key|alias
13312|行号|行号|文本|0|detail|0|1|5|null|null|null|null
483|材料名称|材料名称|参照|1|detail|0|1|30|INV|存货名称|null|null
484|计量单位|计量单位|参照|1|detail|0|1|40|UOM|计量单位名称|null|null
485|数量|数量|小数|1|detail|0|1|50|null|null|null|null
486|单价|单价|小数|0|detail|0|1|60|null|null|null|null
487|金额|金额|小数|0|detail|0|1|70|null|null|null|null
488|规格型号|规格型号|文本|0|detail|0|1|80|null|null|null|null
489|手工确定成本|手工确定成本|是否|0|detail|0|1|90|null|null|null|null
490|明细备注|明细备注|文本|0|detail|0|1|100|null|null|null|null
491|现存量|现存量|小数|0|detail|0|1|110|null|null|null|null
492|现存量说明|现存量说明|文本|0|detail|0|1|120|null|null|null|null
14401|图片|图片|文本|0|detail|1|0|970|null|null|null|null
14402|商品id|商品id|文本|0|detail|1|0|972|null|null|null|null
14403|商品是否多单位|商品是否多单位|文本|0|detail|0|1|973|null|null|null|null
14404|商品是否序列号|商品是否序列号|文本|0|detail|0|1|974|null|null|null|null
14405|商品是否辅助属性|商品是否辅助属性|文本|0|detail|0|1|975|null|null|null|null
14406|商品是否保质期|商品是否保质期|文本|0|detail|0|1|976|null|null|null|null
14407|商品是否批次|商品是否批次|文本|0|detail|0|1|977|null|null|null|null
14408|仓库id|仓库id|文本|0|detail|1|0|978|null|null|null|null
14409|仓库编码|仓库编码|参照|0|detail|0|1|979|WH|仓库编码|null|null
14410|仓库启用仓位管理|仓库启用仓位管理|文本|0|detail|0|1|980|null|null|null|null
14411|仓位id|仓位id|文本|0|detail|1|0|981|null|null|null|null
14412|仓位名称|仓位名称|文本|0|detail|1|0|982|null|null|null|null
14413|仓位编码|仓位编码|文本|0|detail|1|0|983|null|null|null|null
14414|辅助属性id|辅助属性id|文本|0|detail|1|0|984|null|null|null|null
14415|辅助属性名称|辅助属性名称|文本|0|detail|1|0|985|null|null|null|null
14416|辅助属性编码|辅助属性编码|文本|0|detail|1|0|986|null|null|null|null
14417|辅助属性1id|辅助属性1id|文本|0|detail|1|0|987|null|null|null|null
14418|辅助属性1名称|辅助属性1名称|文本|0|detail|1|0|988|null|null|null|null
14419|辅助属性1编码|辅助属性1编码|文本|0|detail|1|0|989|null|null|null|null
14420|辅助属性2id|辅助属性2id|文本|0|detail|1|0|990|null|null|null|null
14421|辅助属性2名称|辅助属性2名称|文本|0|detail|1|0|991|null|null|null|null
14422|辅助属性2编码|辅助属性2编码|文本|0|detail|1|0|992|null|null|null|null
14423|辅助属性3id|辅助属性3id|文本|0|detail|1|0|993|null|null|null|null
14424|辅助属性3名称|辅助属性3名称|文本|0|detail|1|0|994|null|null|null|null
14425|辅助属性3编码|辅助属性3编码|文本|0|detail|1|0|995|null|null|null|null
14426|条形码|条形码|文本|0|detail|1|0|996|null|null|null|null
14427|产地|产地|文本|0|detail|1|0|997|null|null|null|null
14428|注册证号|注册证号|文本|0|detail|1|0|998|null|null|null|null
14429|生产许可证|生产许可证|文本|0|detail|1|0|999|null|null|null|null
14430|保质期到期日|保质期到期日|文本|0|detail|1|0|1000|null|null|null|null
14431|有效期至|有效期至|文本|0|detail|1|0|1001|null|null|null|null
14432|保质期类型|保质期类型|文本|0|detail|1|0|1002|null|null|null|null
14433|保质期|保质期|文本|0|detail|1|0|1003|null|null|null|null
14434|序列号清单|序列号清单|文本|0|detail|1|0|1004|null|null|null|null
14435|序列号流转ID|序列号流转ID|文本|0|detail|1|0|1005|null|null|null|null
14436|基本单位id|基本单位id|文本|0|detail|1|0|1006|null|null|null|null
14437|基本单位名称|基本单位名称|文本|0|detail|0|1|1007|null|null|null|null
14438|基本单位编码|基本单位编码|文本|0|detail|0|1|1008|null|null|null|null
14439|单位id|单位id|文本|0|detail|1|0|1009|null|null|null|null
14440|单位编码|单位编码|文本|0|detail|0|1|1010|null|null|null|null
14441|辅助单位id|辅助单位id|文本|0|detail|1|0|1011|null|null|null|null
14442|辅助单位名称|辅助单位名称|文本|0|detail|1|0|1012|null|null|null|null
14443|辅助单位编码|辅助单位编码|文本|0|detail|1|0|1013|null|null|null|null
14444|换算率|换算率|文本|0|detail|1|0|1014|null|null|null|null
14445|库存数量|库存数量|文本|0|detail|0|1|1015|null|null|null|null
14446|基本数量|基本数量|文本|0|detail|0|1|1016|null|null|null|null
14447|库存基本数量|库存基本数量|文本|0|detail|1|0|1017|null|null|null|null
14448|辅助数量|辅助数量|文本|0|detail|1|0|1018|null|null|null|null
14449|默认浮动数量|默认浮动数量|文本|0|detail|1|0|1019|null|null|null|null
14450|辅助换算系数|辅助换算系数|文本|0|detail|1|0|1020|null|null|null|null
14451|换算系数|换算系数|文本|0|detail|0|1|1021|null|null|null|null
14452|成本|成本|文本|0|detail|0|1|1022|null|null|null|null
14453|单位成本|单位成本|文本|0|detail|0|1|1023|null|null|null|null
14454|源单编号|源单编号|文本|0|detail|1|0|1024|null|null|null|null
14455|源单类型id|源单类型id|文本|0|detail|1|0|1025|null|null|null|null
14456|源单类型名称|源单类型名称|文本|0|detail|1|0|1026|null|null|null|null
14457|源单类型编码|源单类型编码|文本|0|detail|1|0|1027|null|null|null|null
14458|源单内部id|源单内部id|文本|0|detail|1|0|1028|null|null|null|null
14459|源单日期|源单日期|文本|0|detail|1|0|1029|null|null|null|null
14460|源单行号|源单行号|文本|0|detail|1|0|1030|null|null|null|null
14461|源单分录id|源单分录id|文本|0|detail|1|0|1031|null|null|null|null
14462|源单产品分录id|源单产品分录id|文本|0|detail|1|0|1032|null|null|null|null
478|项目|项目|参照|0|header|0|1|70|PROJ|项目名称|null|null
480|来源单号|来源单号|文本|0|header|0|1|90|null|null|null|null
14463|ERP单号|ERP单号|文本|0|header|0|1|270|null|null|null|null
14464|转ERP操作人|转ERP操作人|文本|0|header|0|1|280|null|null|null|null
14465|转ERP时间|转ERP时间|文本|0|header|0|1|290|null|null|null|null
14466|是否已转ERP|是否已转ERP|文本|0|header|0|1|300|null|null|null|null
13247|备注|备注|文本|0|header|0|1|900|null|null|null|null
14376|创建时间|创建时间|文本|0|header|0|1|970|null|null|null|null
14377|金蝶单据状态|金蝶单据状态|文本|0|header|0|1|971|null|null|null|null
14378|部门id|部门id|文本|0|header|1|0|972|null|null|null|null
14379|部门编码|部门编码|参照|0|header|0|1|973|DEPT|部门编码|null|null
14380|领料类型|领料类型|文本|0|header|0|1|974|null|null|null|null
14381|修改时间|修改时间|文本|0|header|0|1|975|null|null|null|null
14382|金蝶审核时间|金蝶审核时间|文本|0|header|0|1|976|null|null|null|null
14383|创建人id|创建人id|文本|0|header|1|0|977|null|null|null|null
14384|创建人|创建人|文本|0|header|1|0|978|null|null|null|null
14385|创建人编码|创建人编码|文本|0|header|1|0|979|null|null|null|null
14386|修改人id|修改人id|文本|0|header|1|0|980|null|null|null|null
14387|修改人|修改人|文本|0|header|1|0|981|null|null|null|null
14388|修改人编码|修改人编码|文本|0|header|1|0|982|null|null|null|null
14389|单据类型名称|单据类型名称|文本|0|header|0|1|983|null|null|null|null
14390|单据类型编码|单据类型编码|文本|0|header|0|1|984|null|null|null|null
14391|单据类型id|单据类型id|文本|0|header|1|0|985|null|null|null|null
14392|审核人id|审核人id|文本|0|header|1|0|986|null|null|null|null
14393|金蝶审核人|金蝶审核人|文本|0|header|0|1|987|null|null|null|null
14394|审核人编码|审核人编码|文本|0|header|1|0|988|null|null|null|null
14395|经手人id|经手人id|文本|0|header|1|0|989|null|null|null|null
14396|经手人编码|经手人编码|参照|0|header|0|1|990|EMP|员工编码|null|null
14397|单据标签|单据标签|文本|0|header|1|0|991|null|null|null|null
14398|领料用途名称|领料用途名称|文本|0|header|1|0|992|null|null|null|null
14399|领料用途id|领料用途id|文本|0|header|1|0|993|null|null|null|null
14400|领料用途编码|领料用途编码|文本|0|header|1|0|994|null|null|null|null
481|加工单号|加工单号|文本|0|header,detail|0|1|20|null|null|null|null
3937|材料编码|材料编码|参照|1|query,detail|0|1|25|INV|存货编码|null|null
3938|批号|批号|文本|1|query,detail|0|1|27|null|null|null|null
472|单据日期|单据日期|日期|1|query,header|0|1|10|null|null|null|null
473|单据编号|单据编号|文本|1|query,header|0|1|20|null|null|null|null
474|业务类型|业务类型|下拉框|1|query,header|0|1|30|null|null|null|null
475|生产车间|生产车间|参照|0|query,header|0|1|40|DEPT|部门名称|null|null
476|出库类别|出库类别|下拉框|0|query,header|0|1|50|null|null|null|null
477|领用人|领用人|参照|0|query,header|0|1|60|EMP|员工名称|null|null
1822|来源单据|来源单据|文本|0|query,header|0|1|80|null|null|null|null
1823|销售订单号|销售订单号|文本|0|query,header|0|1|90|null|null|null|null
1824|匹配来源单号|匹配来源单号|文本|0|query,header|0|1|100|null|null|null|null
479|仓库|仓库|参照|0|query,header,detail|0|1|10|WH|仓库名称|null|null
