s
--- yj_panel: MATERIAL_OUT ---
panel_code|panel_name|category|mode|line_table|head_table|group_col|pk_col|code_col|prefix|date_col|page_size|detail_key|module_group|config|config_at|panel_name_en
MATERIAL_OUT|材料出库单|库存核算|doc|bl_material_out|bd_material_out|单据编号|id|单据编号|CL|单据日期|50|items|库存核算|null|null|Material Issue Slip
s
--- yj_panel 列 ---
col
panel_code
panel_name
category
mode
line_table
head_table
group_col
pk_col
code_col
prefix
date_col
page_size
detail_key
module_group
config
config_at
panel_name_en
s
--- 业务类型 字段行(全列) ---
id|panel_code|col_name|label|data_type|dict_sql|ref_panel|ref_field|display_field|place|seq|width|editable|required|hidden|alias|visible|label_en|col_group|ref_filter|tab_key
479|MATERIAL_OUT|仓库|仓库|参照|null|WH|仓库名称|仓库名称|query,header,detail|10|140|1|0|0|null|1|Warehouse|null|null|null
3937|MATERIAL_OUT|材料编码|材料编码|参照|null|INV|存货编码|存货名称|query,detail|25|120|1|1|0|null|1|Material Code|null|null|null
3938|MATERIAL_OUT|批号|批号|文本|null|null|null|null|query,detail|27|120|1|1|0|null|1|Lot No.|null|null|null
474|MATERIAL_OUT|业务类型|业务类型|下拉框|SELECT v FROM (VALUES (N'销售出库'),(N'材料出库'),(N'其他出库')) AS t(v)|null|null|null|query,header|30|140|1|1|0|null|1|Business Type|null|null|null
