s
--- 有「明细参照字段」的面板(mode / 参数字段 / 明细参照字段) ---
panel_code|panel_name|mode|明细参照字段数|明细参照字段
DEPT|部门|archive|1|上级部门
EQUIP|设备|archive|1|安装车间
FIN_ACC|会计科目|archive|1|上级科目
FIN_EXP|费用类别|archive|1|上级类别
OP_TIME|工序工时|archive|3|代码、客户代码、工序代码
PROJ|项目|archive|1|客户
QC_PLAN|检验方案|archive|1|适用存货
REGION|地区|archive|1|上级地区
REJECT|不合格原因|archive|1|适用工序
WHLOC|库位|archive|1|仓库
DISPATCH|工序派工单|doc|6|工序编码、工作中心、设备、班组、工人、委外供应商
FINISH_IN|产成品入库单|doc|3|仓库、产品名称、产品编码
MAINT_PLAN|保养计划|doc|1|设备名称
MANU_ORDER|生产工单|doc|3|产品编码、产品名称、生产单位
MATERIAL_OUT|材料出库单|doc|5|仓库、材料名称、计量单位、材料编码、仓库编码
OTHER_IN|其他入库单|doc|3|存货编码、仓库、存货名称
OTHER_OUT|其他出库单|doc|3|仓库、存货名称、存货编码
OUTSOURCE_IN|委外入库单|doc|2|产品编码、产品名称
OUTSOURCE_ISSUE|委外发料单|doc|3|仓库、材料编码、材料名称
OUTSOURCE_ORDER|委外加工单|doc|2|产品编码、产品名称
PU_ORDER|采购订单|doc|3|物料编码、物料名称、仓库
PU_REQ|请购单|doc|3|建议供应商、存货编码、存货名称
PURCHASE_IN|采购入库单|doc|3|存货名称、存货编码、仓库
QC_INSP|来料检验单|doc|4|物料编码、物料名称、部门、计量单位
QC_RECV|送料暂收单|doc|6|物料编码、供应商、采购单号、订单号、部门、品质复核人
QC_RETURN|暂收退料单|doc|8|物料编码、物料名称、供应商、采购单号、订单号、部门、计量单位、不良原因
RD_PROD_DOCLIST|产品文件列表|doc|1|产品编号
ROUTE|工艺路线|doc|4|工序编码、工序名称、班组、操作工
SALE_OUT|销售出库单|doc|3|仓库、存货名称、存货编码
SO_ORDER|销售订单|doc|2|存货名称、存货编码
STOCK_BALANCE|库存状况表|flat|4|仓库、存货、仓库、存货
STOCK_LEDGER|库存台账|flat|2|仓库、存货
STOCK_SUMMARY|收发存汇总表|flat|2|仓库、存货
