s
--- 必填且同时出现在 表头+明细 的字段(只在明细里填 → 表头仍空 ⇒ 报"表头未填写") ---
panel_code|col_name|label|data_type|place|seq
SALE_OUT|仓库|仓库|参照|query,header,detail|10
s
--- 明细必填(place 含 detail, 未隐藏)按面板汇总 ---
panel_code|必填数|字段
CGD|2|物料代码、数量
CUR|2|编码、名称
CUSGRP|2|编码、名称
DAY_REPORT|1|姓名
DEPT|2|部门编码、部门名称
DISPATCH|4|工序编码、加工类型、派工数量、计量单位
EMP|2|员工编码、员工名称
EQUIP|2|设备编码、设备名称
EQUIP_CHECK|1|检查内容
ERPLG|4|批次号、导入类型、总行数、成功数
FEED_CONFIRM|2|投料成分、最终投料重量/kg
FIN_ACC|2|科目编码、科目名称
FIN_EXP|2|费用类别编码、费用类别名称
FIN_TAX|2|税别编码、税别名称
FINISH_IN|5|产品编码、批号、产品名称、计量单位、实收数量
GFDA|2|供应商编码、供应商名称
INV_PRICE|3|存货编码、存货名称、计量单位
KHDA|2|客户编码、客户名称
KHDD|2|产品代码、订单数量
MAINT_PLAN|2|设备名称、预防性保养项目
MATERIAL_OUT|5|材料编码、批号、材料名称、计量单位、数量
MATGRP|2|编码、名称
MIX_RECORD|2|混合次序、重量/kg
OP|2|工序编码、工序名称
OTHER_IN|4|存货名称、计量单位、数量、存货编码
OTHER_OUT|6|存货编码、批号、仓库、存货名称、计量单位、数量
OUTSOURCE_IN|3|产品名称、计量单位、实收数量
OUTSOURCE_ISSUE|4|材料名称、计量单位、数量、批号
OUTSOURCE_ORDER|3|产品名称、计量单位、数量
PARTNER|2|往来单位编码、往来单位名称
PROJ|2|项目编码、项目名称
PU_ORDER|5|物料编码、物料名称、单位、数量、单价
PU_REQ|4|存货编码、存货名称、采购单位、数量
PURCHASE_IN|6|存货名称、实收数量、计量单位、单价、存货编码、仓库
QC_INSP|2|物料编码、合格数量
QC_INSP_REC|1|检验项
QC_INSP_REQ|2|物料类别、物料编号
QC_INSP_REQ_SERIES|2|物料类别、物料编号
QC_ITEM|6|项目编码、项目名称、检验内容、检验标准、数据类型、判定规则
QC_OP|1|检验项目
QC_PLAN|3|方案编码、方案名称、检验方式
QC_RECORD|1|检验项目
QC_RECV|1|物料编码
QC_RETURN|1|物料编码
RD_PROGRESS|1|子项目/尺寸
RD_SINTER_TOL|2|车间、型号
REGION|2|地区编码、地区名称
REJECT|2|不合格原因编码、不合格原因
ROUTE|3|工序序列、工序编码、工序控制
SALE_OUT|5|仓库、存货名称、存货编码、计量单位、数量
SAMPLE_REQ|2|样品种类、数量
SETTLE|1|名称
SO_ORDER|5|存货名称、存货编码、数量、销售单位、单价
STOCK_LEDGER|2|仓库、存货
SUPGRP|2|编码、名称
TEAM|2|班组编码、班组名称
UOM|2|计量单位编码、计量单位名称
WC|2|工作中心编码、工作中心名称
WH|2|仓库编码、仓库名称
WHLOC|3|仓库、库位编码、库位地址
WLBOM|1|子件代码
WO_ORDER|1|工序
WO_REPORT|3|工单号、工序、报工数量
ZDGL|3|字典类别、代码、名称
