s
--- 必填字段中 col_name <> label 的(键错位风险) ---
panel_code|col_name|label|data_type|place|required|hidden
CGD|od_no|采购单号|文本|query,header|1|0
CGD|wzdm|物料代码|文本|query,detail|1|0
CGD|sl|数量|小数|detail|1|0
FEED_CONFIRM|实际重量|最终投料重量/kg|小数|detail|1|0
GFDA|dm|供应商编码|文本|query,detail|1|0
GFDA|mc|供应商名称|文本|query,detail|1|0
KHDA|dm|客户编码|文本|query,detail|1|0
KHDA|mc|客户名称|文本|detail|1|0
KHDD|od_no|订单编号|文本|query,header|1|0
KHDD|wzdm|产品代码|文本|query,detail|1|0
KHDD|qty|订单数量|小数|detail|1|0
MAINT_PLAN|保养项目|预防性保养项目|文本|detail|1|0
MIX_RECORD|重量|重量/kg|小数|detail|1|0
QC_INSP|单据编号|单号|文本|query,header|1|0
QC_RECV|单据编号|单号|文本|query,header|1|0
QC_RECV|单据日期|日期|日期|query,header|1|0
QC_RETURN|单据编号|单号|文本|query,header|1|0
ROUTE|加工方式|工序控制|下拉框|detail|1|0
ROUTE|加工顺序|工序序列|数值|detail|1|0
WLBOM|m_no|物料编码|文本|query,header|1|0
WLBOM|wzdm2|子件代码|文本|detail|1|0
WO_REPORT|gldh|工单号|文本|query,detail|1|0
WO_REPORT|gxdm|工序|文本|query,detail|1|0
WO_REPORT|sl|报工数量|数值|query,detail|1|0
s
--- 表头必填(place 含 header, 未隐藏)按面板汇总 ---
panel_code|必填数|字段
CGD|1|采购单号
DAY_REPORT|3|单据编号、单据日期、车间
DISPATCH|4|单据日期、单据编号、业务类型、生产车间
EQUIP_CHECK|3|单据编号、年月、设备名称
FEED_CONFIRM|3|单据编号、单据日期、物料名称
FINISH_IN|3|单据日期、单据编号、业务类型
GRAN_RECORD|3|单据编号、单据日期、物料名称
KHDD|1|订单编号
MAINT_PLAN|1|单据编号
MANU_ORDER|5|单据日期、合同号、批号、测试程序、机构
MATERIAL_OUT|3|单据日期、单据编号、业务类型
MIX_RECORD|3|单据编号、单据日期、物料编码
OTHER_IN|3|单据日期、单据编号、业务类型
OTHER_OUT|3|单据日期、单据编号、业务类型
OUTSOURCE_IN|4|单据日期、单据编号、业务类型、委外供应商
OUTSOURCE_ISSUE|4|单据日期、单据编号、业务类型、委外供应商
OUTSOURCE_ORDER|4|单据日期、单据编号、业务类型、委外供应商
PACK_CONFIRM|4|单据编号、装箱日期、产品编号、装箱数量
PROD_ABN|5|单据编号、单据日期、工单号、提出人、异常描述
PROD_LINE|2|生产线、生产车间
PU_ORDER|5|单据日期、单据编号、供应商、币种、汇率
PU_REQ|3|单据日期、单据编号、请购人
PURCHASE_IN|3|单据日期、单据编号、供应商
QC_ASM_INSP|3|单据编号、单据日期、工单号
QC_BHC|2|单据编号、单据日期
QC_BHG|2|单据编号、单据日期
QC_BHZ|2|单据编号、单据日期
QC_CATALOG|2|单据编号、单据日期
QC_CUT_INSP|3|单据编号、单据日期、工单号
QC_DISPOSAL|7|单据编号、单据日期、物料编码、批号、数量、原仓库、处置方式
QC_INSP|2|单号、单据日期
QC_INSP_REC|4|单据编号、单据日期、物料名称、检验日期
QC_JJF|2|单据编号、单据日期
QC_LYB|2|单据编号、单据日期
QC_MOLD_INSP|3|单据编号、单据日期、工单号
QC_OP|4|单据编号、单据日期、工单号、工序
QC_RECORD|3|单据编号、单据日期、检验类型
QC_RECV|2|单号、日期
QC_RETURN|2|单号、单据日期
QC_SCP|2|单据编号、单据日期
QC_SCY|2|单据编号、单据日期
QC_TC_IN|2|单据编号、单据日期
RD_ALKALINE|4|单据编号、单据日期、文档编号、测试主题
RD_ANTIBACT|4|单据编号、单据日期、文档编号、测试主题
RD_APPROVAL|3|单据编号、单据日期、文档编号
RD_ASM_BOM|4|单据编号、单据日期、产品编号、产品名称
RD_ASM_PROC|4|单据编号、单据日期、产品编号、产品名称
RD_CHANGE|3|单据编号、单据日期、产品编号
RD_DOM_TEST|3|单据编号、单据日期、申请单类型
RD_DROP_PREC|4|单据编号、单据日期、文档编号、测试主题
RD_EQUIP_USE|3|单据编号、单据日期、设备名称
RD_FILTER_EFF|4|单据编号、单据日期、文档编号、测试主题
RD_INSP_PLAN|3|单据编号、单据日期、标题
RD_INSTR_USE|3|单据编号、单据日期、仪器名称/型号
RD_MINERAL|4|单据编号、单据日期、文档编号、测试主题
RD_MOLD_FORMULA|4|单据编号、单据日期、产品编号、产品名称
RD_MOLD_PROC|4|单据编号、单据日期、产品编号、产品名称
RD_PLAN|5|单据编号、单据日期、项目名称、项目定级、文档编号
RD_PROD_DOCLIST|2|单据编号、单据日期
RD_PROD_INFO|3|单据编号、单据日期、产品编号
RD_PROGRESS|2|单据编号、单据日期
RD_RO_PROTECT|4|单据编号、单据日期、文档编号、测试主题
RD_SCALE|4|单据编号、单据日期、文档编号、测试主题
RD_SOAK|4|单据编号、单据日期、文档编号、测试主题
RD_SPEC_DOC|5|单据编号、单据日期、规格书种类、名称、产品编号
RD_SPIKE_WATER|3|单据编号、单据日期、测试项目
ROD_RETURN|4|单据编号、单据日期、产品编号、不良数量
ROUTE|4|生效日期、失效日期、工艺路线编码、工艺路线名称
SALE_OUT|4|单据日期、单据编号、客户、仓库
SAMPLE_REQ|3|单据编号、客户名、下单日期
SO_ORDER|4|单据编号、单据日期、客户、业务员
WH_RECORD|3|单据编号、单据日期、产品编号
WLBOM|1|物料编码
WO_ORDER|4|单据编号、单据日期、产品编码、订单数量
