name|type_desc
name|is_computed|definition
name|type|max_length|is_nullable
comm|nvarchar|40|0
id|int|4|0
kucun_no|nvarchar|28|1
khdm|nvarchar|16|1
wzdm|nvarchar|60|0
update_date|datetime|8|1
ckdm|nvarchar|12|1
lot_no|nvarchar|60|1
color|nvarchar|60|1
siz|nvarchar|60|1
in_date|datetime2|8|1
rkl|float|8|1
rkl2|float|8|1
out_date|datetime2|8|1
ckl|float|8|1
ckl2|float|8|1
yl|float|8|1
yl2|float|8|1
price|float|8|1
price2|float|8|1
bz|nvarchar|200|1
total_je|float|8|1
asp_user1|nvarchar|40|1
asp_time1|datetime2|8|1
asp_user2|nvarchar|40|1
asp_time2|datetime2|8|1
asp_user3|nvarchar|40|1
asp_time3|datetime2|8|1
asp_cancel|nvarchar|2|1
asp_user4|nvarchar|40|1
asp_time4|datetime2|8|1
asp_print|int|4|1
预警数量|decimal|9|1
name|definition
comm|((0))
rkl|((0))
rkl2|((0))
ckl|((0))
ckl2|((0))
yl|((0))
yl2|((0))
price|((0))
price2|((0))
total_je|((0))
asp_time1|(getdate())
asp_cancel|(N'N')
asp_print|((0))
