panel_code
BOM
CGD
CKD
CKDA
CUR
CUSGRP
DAY_REPORT
DEPT
DISPATCH
DISPATCH_DETAIL
DISPATCH_STATS
EMP
EQUIP
EQUIP_CHECK
ERPLG
ERPLG_ROW
FEED_CONFIRM
FIN_ACC
FIN_EXP
FIN_TAX
FINISH_IN
FINISH_IN_DETAIL
FINISH_IN_STATS
GFDA
GRAN_RECORD
INV
INV_PRICE
KHDA
KHDD
LOT_TRACE
MAINT_PLAN
MANU_ORDER
MANU_ORDER_DETAIL
MANU_ORDER_STATS
MATERIAL_OUT
MATERIAL_OUT_DETAIL
MATERIAL_OUT_STATS
MATGRP
MIX_RECORD
OP
OTHER_IN
OTHER_IN_DETAIL
OTHER_IN_STATS
OTHER_OUT
OTHER_OUT_DETAIL
OTHER_OUT_STATS
OUTSOURCE_IN
OUTSOURCE_IN_DETAIL
OUTSOURCE_IN_STATS
OUTSOURCE_ISSUE
OUTSOURCE_ISSUE_DETAIL
OUTSOURCE_ISSUE_STATS
OUTSOURCE_ORDER
PACK_CONFIRM
PARTNER
PR_ASM_DAILY
PR_ASM_INCOMING
PR_ASM_RETURN
PR_BLACK_TEST
PR_CUT_DAILY
PR_DEMOLD_QC
PR_EFFICIENCY
PR_FLOW_CARD
PR_FORM_DAILY
PR_FORM_FIRST
PR_MAINTENANCE
PR_MAT_INSPECT
PR_MIX_BLEND
PR_MIX_CHECK
PR_MIX_CONFIRM
PR_MIX_DAILY
PR_MIX_FEED
PR_MIX_GRANULE
PR_MIX_PROCESS
PR_NO_BLACK
PR_PACK_CONFIRM
PR_PATROL_QC
PR_QC_CONTROL
PR_SCRAP
PR_SINTER_QC
PROJ
PU_ORDER
PU_REQ
PURCHASE_IN
PURCHASE_IN_DETAIL
PURCHASE_IN_STATS
QC_DISPOSAL
QC_INSP
QC_ITEM
QC_OP
QC_PLAN
QC_RECORD
QC_RECV
QC_RETURN
RD_ALKALINE
RD_ANTIBACT
RD_APPROVAL
RD_ASM_BOM
RD_ASM_PROC
RD_DOM_TEST
RD_DROP_PREC
RD_EQUIP_USE
RD_FILTER_EFF
RD_INSP_PLAN
RD_INSTR_USE
RD_MINERAL
RD_MOLD_FORMULA
RD_MOLD_PROC
RD_PLAN
RD_PROD_INFO
RD_PROGRESS
RD_RO_PROTECT
RD_SCALE
RD_SOAK
RD_SPEC_DOC
RD_SPIKE_WATER
REGION
REJECT
RKD
ROD_RETURN
ROUTE
SALE_OUT
SALE_OUT_DETAIL
SALE_OUT_STATS
SALES_ORDER_DETAIL
SALES_ORDER_STATS
SAMPLE_REQ
SETTLE
SO_ORDER
STOCK_BALANCE
STOCK_STATUS
SUPGRP
TEAM
UOM
WC
WH
WH_RECORD
WLBOM
WO_KIT
WO_LINE
WO_ORDER
WO_PICK
WO_PROGRESS
WO_REPORT
WO_REPORT_LIST
WO_SCHEDULE
WO_STAGE
YWYDA
ZDGL
