
bd_purchase_in|id
bd_purchase_in|单据日期
bd_purchase_in|单据编号
bd_purchase_in|业务类型
bd_purchase_in|币种
bd_purchase_in|汇率
bd_purchase_in|供应商编码
bd_purchase_in|供应商
bd_purchase_in|供应商简称
bd_purchase_in|经手人
bd_purchase_in|项目
bd_purchase_in|仓库
bd_purchase_in|外部单据号
bd_purchase_in|采购订单号
bd_purchase_in|合同号
bd_purchase_in|资金批次
bd_purchase_in|采购类型
bd_purchase_in|合同号最新
bd_purchase_in|备注
bd_purchase_in|单据状态
bd_purchase_in|审核人
bd_purchase_in|审核时间
bd_purchase_in|审批人
bd_purchase_in|审批时间
bd_purchase_in|asp_user1
bd_purchase_in|asp_time1
bd_purchase_in|asp_user2
bd_purchase_in|asp_time2
bd_purchase_in|asp_cancel
bd_purchase_in|验货人
bd_purchase_in|匹配来源单号
bd_purchase_in|来源单据
bd_purchase_in|来源单号
bd_purchase_in|销售订单号
bd_purchase_in|入库类别
bd_sale_out|id
bd_sale_out|单据日期
bd_sale_out|单据编号
bd_sale_out|业务类型
bd_sale_out|出库类别
bd_sale_out|客户
bd_sale_out|客户编码
bd_sale_out|客户简称
bd_sale_out|结算客户
bd_sale_out|经手人
bd_sale_out|验货人
bd_sale_out|项目
bd_sale_out|仓库
bd_sale_out|送货地址
bd_sale_out|发货单号
bd_sale_out|发货日期
bd_sale_out|来源单号
bd_sale_out|部门
bd_sale_out|门店
bd_sale_out|匹配来源单号
bd_sale_out|验货日期
bd_sale_out|发货人
bd_sale_out|收货仓库
bd_sale_out|来源单据
bd_sale_out|外部单据号
bd_sale_out|销售订单号
bd_sale_out|备注
bd_sale_out|单据状态
bd_sale_out|审核人
bd_sale_out|审核时间
bd_sale_out|审批人
bd_sale_out|审批时间
bd_sale_out|asp_user1
bd_sale_out|asp_time1
bd_sale_out|asp_user2
bd_sale_out|asp_time2
bd_sale_out|asp_cancel
bl_purchase_in|id
bl_purchase_in|单据编号
bl_purchase_in|仓库
bl_purchase_in|存货名称
bl_purchase_in|存货图片
bl_purchase_in|规格型号
bl_purchase_in|实收数量
bl_purchase_in|计量单位
bl_purchase_in|实收数量2
bl_purchase_in|计量单位2
bl_purchase_in|计量单位组合
bl_purchase_in|换算率
bl_purchase_in|单价
bl_purchase_in|税率%
bl_purchase_in|单价2
bl_purchase_in|含税单价2
bl_purchase_in|含税单价
bl_purchase_in|金额
bl_purchase_in|含税金额
bl_purchase_in|费用调整
bl_purchase_in|费用金额
bl_purchase_in|现存量
bl_purchase_in|现存量说明
bl_purchase_in|产成品图片
bl_purchase_in|备注
bl_purchase_in|asp_user1
bl_purchase_in|asp_time1
bl_purchase_in|asp_cancel
bl_purchase_in|asp_user2
bl_purchase_in|asp_time2
bl_purchase_in|批号
bl_purchase_in|存货编码
bl_sale_out|id
bl_sale_out|单据编号
bl_sale_out|仓库
bl_sale_out|存货名称
bl_sale_out|存货编码
bl_sale_out|规格型号
bl_sale_out|计量单位
bl_sale_out|数量
bl_sale_out|智能选单
bl_sale_out|成本价
bl_sale_out|税率%
bl_sale_out|售价
bl_sale_out|含税售价
bl_sale_out|销售金额
bl_sale_out|税额
bl_sale_out|含税销售金额
bl_sale_out|折扣金额
bl_sale_out|现存量
bl_sale_out|现存量说明
bl_sale_out|需求令号
bl_sale_out|退货原因
bl_sale_out|备注
bl_sale_out|asp_user1
bl_sale_out|asp_time1
bl_sale_out|asp_cancel
bl_sale_out|asp_user2
bl_sale_out|asp_time2
bl_sale_out|批号
