name
id
单据日期
单据编号
业务类型
币种
汇率
供应商编码
供应商
供应商简称
经手人
项目
仓库
外部单据号
采购订单号
合同号
资金批次
采购类型
合同号最新
备注
单据状态
审核人
审核时间
审批人
审批时间
asp_user1
asp_time1
asp_user2
asp_time2
asp_cancel
验货人
匹配来源单号
来源单据
来源单号
销售订单号
入库类别
金额
创建时间
单据状态2
单据关闭状态
supplier_id
emp_id
经手人编码
delivery_type_id
交货方式
交货方式编码
结算状态
修改时间
审核时间2
creator_id
创建人
创建人编码
modifier_id
修改人
修改人编码
auditor_id
审核人2
审核人编码
交易类型
dept_id
部门
部门编码
customer_id
客户
客户编码
联系人电话
contact_country_id
联系人国家名称
联系人国家编码
contact_province_id
联系人省份名称
联系人省份编码
contact_city_id
联系人市区名称
联系人市区编码
contact_district_id
联系人区县名称
联系人区县编码
联系地址
未结算金额
未结算金额本位币
应收款余额
上次欠款
edit_pay_type_id
付款方式
付款方式编码
预付金额
整单折扣额
edit_pay_account_id
付款账户
付款账户编码
整单折扣率%
保险金额
商品分录
币种id
到期日
setting_term_id
结算期限编码
结算期限
发货人
发货电话
发货地址
dispatcher_country_id
发货国家名称
发货国家编码
dispatcher_province_id
发货省份名称
发货省份编码
dispatcher_city_id
发货市区名称
发货市区编码
dispatcher_district_id
发货区县名称
发货区县编码
采购费用分录
付款信息分录
附件地址
bill_stock_id
仓库编码
bill_sp_id
仓位
仓位编码
name
id
单据编号
仓库
存货名称
存货图片
规格型号
实收数量
计量单位
实收数量2
计量单位2
计量单位组合
换算率
单价
税率%
单价2
含税单价2
含税单价
金额
含税金额
费用调整
费用金额
现存量
现存量说明
产成品图片
备注
asp_user1
asp_time1
asp_cancel
asp_user2
asp_time2
批号
存货编码
行号
商品id
商品是否多单位
商品是否序列号
商品是否辅助属性
商品是否保质期
商品是否批次
仓库id
仓库名称
仓库编码
仓库启用仓位管理
仓位id
仓库名称_sp_name
仓位编码
辅助属性id
辅助属性名称
辅助属性编码
辅助属性1id
辅助属性1名称
辅助属性1编码
辅助属性2id
辅助属性2名称
辅助属性2编码
辅助属性3id
辅助属性3名称
辅助属性3编码
条形码
产地
注册证号
生产许可证
保质期到期日
有效期至
保质期类型
保质期
序列号清单
序列号流转ID
基本单位id
基本单位名称
基本单位编码
单位id
单位编码
辅助单位id
辅助单位编码
换算率2
基本数量
库存基本数量
默认浮动数量
辅助换算系数
换算系数
折扣额
源单编号
源单类型id
源单类型名称
源单类型编码
源单内部id
源单日期
源单行号
源单分录id
分录结算状态
本次结算金额本位币
折扣率%
成本视图
单位成本视图
退货数量
价税合计本位币
是否赠品
name
id
单据日期
单据编号
业务类型
出库类别
客户
客户编码
客户简称
结算客户
经手人
验货人
项目
仓库
送货地址
发货单号
发货日期
来源单号
部门
门店
匹配来源单号
验货日期
发货人
收货仓库
来源单据
外部单据号
销售订单号
备注
单据状态
审核人
审核时间
审批人
审批时间
asp_user1
asp_time1
asp_user2
asp_time2
asp_cancel
创建时间
单据状态2
结算状态
发货状态
customer_id
emp_id
经手人编码
金额
商品组合
商品数量
折前价税合计
整单折扣额
商品分录
物流信息分录
开票状态
联系人电话
contact_country_id
联系人国家名称
联系人国家编码
contact_province_id
联系人省份名称
联系人省份编码
contact_city_id
联系人市区名称
联系人市区编码
contact_district_id
联系人区县名称
联系人区县编码
联系人
联系信息
联系地址
dispatcher_country_id
发货国家名称
发货国家编码
dispatcher_province_id
发货省份名称
发货省份编码
dispatcher_city_id
发货市区名称
发货市区编码
dispatcher_district_id
发货区县名称
发货区县编码
发货地址
发货人2
发货电话
发货方式
付款信息分录
抵扣余额
未结算金额
附件
附件地址
auditor_id
审核人2
审核人编码
审核时间2
应收款余额
f_logistics_id
采购费用
费用分摊信息
上次欠款
交易类型
dept_id
部门2
部门编码
整单折扣率%
修改时间
出入库状态
creator_id
创建人
创建人编码
modifier_id
修改人
修改人编码
单据标签
客户承担费用分录
delivery_type_id
交货方式
交货方式编码
币种id
到期日
setting_term_id
结算期限编码
结算期限
配送路线分录
采购费用分录
币别名称
name
id
单据编号
仓库
存货名称
存货编码
规格型号
计量单位
数量
智能选单
成本价
税率%
售价
含税售价
销售金额
税额
含税销售金额
折扣金额
现存量
现存量说明
需求令号
退货原因
备注
asp_user1
asp_time1
asp_cancel
asp_user2
asp_time2
批号
换算率
商品id
商品是否多单位
商品是否序列号
商品是否辅助属性
商品是否保质期
商品是否批次
商品助记码
仓库id
仓库名称
仓库编码
仓库启用仓位管理
仓位id
仓库名称_sp_name
仓位编码
辅助属性id
辅助属性名称
辅助属性编码
辅助属性1id
辅助属性1名称
辅助属性1编码
辅助属性2id
辅助属性2名称
辅助属性2编码
辅助属性3id
辅助属性3名称
辅助属性3编码
辅助属性4id
辅助属性4名称
辅助属性4编码
辅助属性5id
辅助属性5名称
辅助属性5编码
条形码
实际含税单价
基本单位id
基本单位名称
基本单位编码
单位id
单位编码
换算系数
库存基本数量
退货数量
税额_tax_amount
整单折扣分摊
折扣额
费用
分摊差额
折扣率%
折前金额
实际不含税金额
单位成本
成本
本次结算金额
折扣金额2
折后单价
产地
注册证号
生产许可证
保质期到期日
有效期至
保质期类型
保质期
序列号流转ID
辅助单位id
辅助单位编码
辅助换算系数
行号
分录状态
分录结算状态
是否赠品
源单id
源单编号
源单类型id
源单类型名称
源单类型编码
源单内部id
源单日期
源单行号
源单分录id
序列号清单
基本数量
折扣税额
客户单号
未开票数量
已开票数量
已开票金额
未开票金额
价税合计本位币
