panel_code|place|col_name|label
PU_ORDER|query,header|单据日期|单据日期
PU_ORDER|query,header|单据编号|单据编号
PU_ORDER|query,header|供应商|供应商
PU_ORDER|header|供应商编码|供应商编码
PU_ORDER|query,header|币种|币种
PU_ORDER|header|汇率|汇率
PU_ORDER|header|交货日期|交货日期
PU_ORDER|header|数据来源|数据来源
PU_ORDER|header|创建时间|创建时间
PU_ORDER|header|创建人名称|创建人名称
SO_ORDER|query,header|单据编号|单据编号
SO_ORDER|query,header|单据日期|单据日期
SO_ORDER|query,header|客户|客户
SO_ORDER|header|客户编码|客户编码
SO_ORDER|header|结算客户|结算客户
SO_ORDER|header|汇率|汇率
SO_ORDER|query,header|部门|部门
SO_ORDER|query,header|业务员|业务员
SO_ORDER|header|结算期限|结算期限
SO_ORDER|query,header,detail|预计交货日期|预计交货日期
SO_ORDER|header|联系人|联系人
SO_ORDER|header|备注|备注
SO_ORDER|header|创建时间|创建时间
SO_ORDER|header|应收金额|应收金额
SO_ORDER|header|出入库状态|出入库状态
SO_ORDER|header|客户联系电话|客户联系电话
SO_ORDER|header|联系地址|联系地址
SO_ORDER|header|创建人名称|创建人名称
panel_code|place|col_name|label
PURCHASE_IN|header|创建时间|创建时间
PURCHASE_IN|header|单据状态2|单据状态2
PURCHASE_IN|header|经手人编码|经手人编码
PURCHASE_IN|header|结算状态|结算状态
PURCHASE_IN|header|修改时间|修改时间
PURCHASE_IN|header|审核时间2|审核时间2
PURCHASE_IN|header|创建人|创建人
PURCHASE_IN|header|创建人编码|创建人编码
PURCHASE_IN|header|修改人|修改人
PURCHASE_IN|header|修改人编码|修改人编码
PURCHASE_IN|header|审核人2|审核人2
PURCHASE_IN|header|审核人编码|审核人编码
PURCHASE_IN|header|交易类型|交易类型
PURCHASE_IN|header|部门|部门
PURCHASE_IN|header|部门编码|部门编码
PURCHASE_IN|header|联系人电话|联系人电话
PURCHASE_IN|header|未结算金额|未结算金额
PURCHASE_IN|header|应收款余额|应收款余额
PURCHASE_IN|header|上次欠款|上次欠款
PURCHASE_IN|header|商品分录|商品分录
PURCHASE_IN|header|到期日|到期日
PURCHASE_IN|header|发货国家名称|发货国家名称
PURCHASE_IN|header|发货国家编码|发货国家编码
PURCHASE_IN|header|仓库编码|仓库编码
SALE_OUT|header|创建时间|创建时间
SALE_OUT|header|单据状态2|单据状态2
SALE_OUT|header|经手人编码|经手人编码
SALE_OUT|header|金额|金额
SALE_OUT|header|商品分录|商品分录
SALE_OUT|header|物流信息分录|物流信息分录
SALE_OUT|header|开票状态|开票状态
SALE_OUT|header|发货国家名称|发货国家名称
SALE_OUT|header|发货国家编码|发货国家编码
SALE_OUT|header|发货人2|发货人2
SALE_OUT|header|未结算金额|未结算金额
SALE_OUT|header|审核人2|审核人2
SALE_OUT|header|审核人编码|审核人编码
SALE_OUT|header|审核时间2|审核时间2
SALE_OUT|header|应收款余额|应收款余额
SALE_OUT|header|上次欠款|上次欠款
SALE_OUT|header|交易类型|交易类型
SALE_OUT|header|部门2|部门2
SALE_OUT|header|部门编码|部门编码
SALE_OUT|header|修改时间|修改时间
SALE_OUT|header|出入库状态|出入库状态
SALE_OUT|header|创建人|创建人
SALE_OUT|header|创建人编码|创建人编码
SALE_OUT|header|修改人|修改人
SALE_OUT|header|修改人编码|修改人编码
SALE_OUT|header|交货方式|交货方式
SALE_OUT|header|交货方式编码|交货方式编码
SALE_OUT|header|到期日|到期日
SALE_OUT|header|币别名称|币别名称
