panel_code|col_name|label
PU_ORDER|物料编码|物料编码
PU_ORDER|物料名称|物料名称
PU_ORDER|规格型号|规格型号
PU_ORDER|单位|单位
PU_ORDER|数量|数量
PU_ORDER|数量2|数量2
PU_ORDER|计量单位2|计量单位2
PU_ORDER|单价|单价
PU_ORDER|金额|金额
PU_ORDER|税率%|税率%
PU_ORDER|含税单价|含税单价
PU_ORDER|含税金额|含税金额
PU_ORDER|仓库|仓库
PU_ORDER|预计到货日期|预计到货日期
PU_ORDER|现存量|现存量
PU_ORDER|折扣%|折扣%
PU_ORDER|折扣金额|折扣金额
PU_ORDER|基本单位名称|基本单位名称
SO_ORDER|存货名称|存货名称
SO_ORDER|存货编码|存货编码
SO_ORDER|规格型号|规格型号
SO_ORDER|数量|数量
SO_ORDER|销售单位|销售单位
SO_ORDER|单价|单价
SO_ORDER|税率%|税率%
SO_ORDER|含税单价|含税单价
SO_ORDER|金额|金额
SO_ORDER|含税金额|含税金额
SO_ORDER|折扣金额|折扣金额
SO_ORDER|现存量|现存量
SO_ORDER|备注|备注
SO_ORDER|商品是否多单位|商品是否多单位
SO_ORDER|商品是否序列号|商品是否序列号
SO_ORDER|商品是否启用辅助属性|商品是否启用辅助属性
SO_ORDER|商品是否开启保质期|商品是否开启保质期
SO_ORDER|商品是否开启批次|商品是否开启批次
SO_ORDER|仓库启用仓位管理|仓库启用仓位管理
SO_ORDER|实际含税单价|实际含税单价
SO_ORDER|基本单位名称|基本单位名称
SO_ORDER|基本单位编码|基本单位编码
SO_ORDER|单位编码|单位编码
SO_ORDER|换算率|换算率
SO_ORDER|基本库存数量|基本库存数量
SO_ORDER|退货数量|退货数量
SO_ORDER|退货基本数量|退货基本数量
SO_ORDER|税额|税额
SO_ORDER|整单折扣分配额|整单折扣分配额
SO_ORDER|折扣|折扣
SO_ORDER|销售费用分摊|销售费用分摊
SO_ORDER|优惠分摊金额|优惠分摊金额
SO_ORDER|折算率|折算率
SO_ORDER|折前金额|折前金额
SO_ORDER|实际不含税金额|实际不含税金额
SO_ORDER|单位成本|单位成本
SO_ORDER|成本|成本
SO_ORDER|本次核销金额|本次核销金额
SO_ORDER|折扣单价|折扣单价
SO_ORDER|保质期类型，1|保质期类型，1
SO_ORDER|保质期天数|保质期天数
SO_ORDER|辅助换算率|辅助换算率
SO_ORDER|辅助单位数量|辅助单位数量
SO_ORDER|分录序号|分录序号
SO_ORDER|分录核销状态，未收款|分录核销状态，未收款
SO_ORDER|是否赠品|是否赠品
SO_ORDER|源单行号|源单行号
panel_code|col_name|label
PURCHASE_IN|行号|行号
PURCHASE_IN|商品是否批次|商品是否批次
PURCHASE_IN|仓库名称|仓库名称
PURCHASE_IN|仓位名称|仓位名称
PURCHASE_IN|基本单位名称|基本单位名称
PURCHASE_IN|基本单位编码|基本单位编码
PURCHASE_IN|单位编码|单位编码
PURCHASE_IN|换算率2|换算率2
PURCHASE_IN|基本数量|基本数量
PURCHASE_IN|换算系数|换算系数
PURCHASE_IN|折扣额|折扣额
PURCHASE_IN|源单编号|源单编号
PURCHASE_IN|源单类型名称|源单类型名称
PURCHASE_IN|源单类型编码|源单类型编码
PURCHASE_IN|源单行号|源单行号
PURCHASE_IN|分录结算状态|分录结算状态
PURCHASE_IN|本次结算金额本位币|本次结算金额本位币
PURCHASE_IN|成本视图|成本视图
PURCHASE_IN|价税合计本位币|价税合计本位币
SALE_OUT|商品是否批次|商品是否批次
SALE_OUT|仓库名称|仓库名称
SALE_OUT|仓库编码|仓库编码
SALE_OUT|仓位名称|仓位名称
SALE_OUT|实际含税单价|实际含税单价
SALE_OUT|基本单位名称|基本单位名称
SALE_OUT|基本单位编码|基本单位编码
SALE_OUT|单位编码|单位编码
SALE_OUT|换算系数|换算系数
SALE_OUT|税额|税额
SALE_OUT|折扣额|折扣额
SALE_OUT|折前金额|折前金额
SALE_OUT|实际不含税金额|实际不含税金额
SALE_OUT|折扣金额2|折扣金额2
SALE_OUT|折后单价|折后单价
SALE_OUT|行号|行号
SALE_OUT|分录结算状态|分录结算状态
SALE_OUT|源单编号|源单编号
SALE_OUT|源单类型名称|源单类型名称
SALE_OUT|源单类型编码|源单类型编码
SALE_OUT|源单行号|源单行号
SALE_OUT|基本数量|基本数量
SALE_OUT|折扣税额|折扣税额
SALE_OUT|未开票数量|未开票数量
SALE_OUT|已开票数量|已开票数量
SALE_OUT|已开票金额|已开票金额
SALE_OUT|未开票金额|未开票金额
SALE_OUT|价税合计本位币|价税合计本位币
