panel_code|col_name|label
PURCHASE_IN|存货名称|存货名称
PURCHASE_IN|规格型号|规格型号
PURCHASE_IN|实收数量|实收数量
PURCHASE_IN|计量单位|计量单位
PURCHASE_IN|实收数量2|实收数量2
PURCHASE_IN|计量单位2|计量单位2
PURCHASE_IN|单价|单价
PURCHASE_IN|税率%|税率%
PURCHASE_IN|含税单价|含税单价
PURCHASE_IN|金额|金额
PURCHASE_IN|含税金额|含税金额
PURCHASE_IN|现存量|现存量
PURCHASE_IN|批号|批号
PURCHASE_IN|仓库名称|仓库名称
PURCHASE_IN|基本单位名称|基本单位名称
SALE_OUT|存货名称|存货名称
SALE_OUT|存货编码|存货编码
SALE_OUT|规格型号|规格型号
SALE_OUT|计量单位|计量单位
SALE_OUT|数量|数量
SALE_OUT|税率%|税率%
SALE_OUT|现存量|现存量
SALE_OUT|仓库名称|仓库名称
SALE_OUT|基本单位名称|基本单位名称
SALE_OUT|退货数量|退货数量
panel_code|detail显示
PU_ORDER|17
SO_ORDER|13
