panel_code|panel_name|mode|head_table|line_table|group_col
PURCHASE_IN_DETAIL|采购入库单明细表|flat|null|v_purchase_in_detail|null
SALE_OUT_DETAIL|销售出库单明细表|flat|null|v_sale_out_detail|null
name|type
id|int
单据日期|date
单据编号|nvarchar
业务类型|nvarchar
币种|nvarchar
汇率|decimal
供应商编码|nvarchar
供应商|nvarchar
供应商简称|nvarchar
经手人|nvarchar
项目|nvarchar
仓库|nvarchar
外部单据号|nvarchar
采购订单号|nvarchar
合同号|nvarchar
资金批次|nvarchar
采购类型|nvarchar
合同号最新|nvarchar
备注|nvarchar
单据状态|nvarchar
审核人|nvarchar
审核时间|datetime2
审批人|nvarchar
审批时间|datetime2
asp_user1|nvarchar
asp_time1|datetime2
asp_user2|nvarchar
asp_time2|datetime2
asp_cancel|char
验货人|nvarchar
匹配来源单号|nvarchar
来源单据|nvarchar
来源单号|nvarchar
销售订单号|nvarchar
入库类别|nvarchar
存货名称|nvarchar
存货图片|nvarchar
规格型号|nvarchar
实收数量|decimal
计量单位|nvarchar
实收数量2|decimal
计量单位2|nvarchar
计量单位组合|nvarchar
换算率|decimal
单价|decimal
税率%|decimal
单价2|decimal
含税单价2|decimal
含税单价|decimal
金额|decimal
含税金额|decimal
费用调整|decimal
费用金额|decimal
现存量|decimal
现存量说明|nvarchar
产成品图片|nvarchar
name|name
bl_finish_in|仓库
bl_finish_in|存货图片
bl_finish_in|规格型号
bl_finish_in|金额
bl_finish_in|实收数量
bl_material_out|仓库
bl_material_out|数量
bl_material_out|金额
bl_material_out|规格型号
bl_other_in|仓库
bl_other_in|存货名称
bl_other_in|规格型号
bl_other_in|数量
bl_other_in|数量2
bl_other_in|金额
bl_other_in|存货编码
bl_other_out|仓库
bl_other_out|存货名称
bl_other_out|规格型号
bl_other_out|数量
bl_other_out|金额
bl_other_out|存货编码
bl_purchase_in|仓库
bl_purchase_in|存货名称
bl_purchase_in|存货图片
bl_purchase_in|规格型号
bl_purchase_in|实收数量
bl_purchase_in|实收数量2
bl_purchase_in|金额
bl_purchase_in|含税金额
bl_purchase_in|费用金额
bl_purchase_in|存货编码
bl_purchase_in|仓库id
bl_purchase_in|仓库名称
bl_purchase_in|仓库编码
bl_purchase_in|仓库启用仓位管理
bl_purchase_in|仓库名称_sp_name
bl_purchase_in|基本数量
bl_purchase_in|库存基本数量
bl_purchase_in|默认浮动数量
bl_purchase_in|本次结算金额本位币
bl_purchase_in|退货数量
bl_sale_out|仓库
bl_sale_out|存货名称
bl_sale_out|存货编码
bl_sale_out|规格型号
bl_sale_out|数量
bl_sale_out|销售金额
bl_sale_out|含税销售金额
bl_sale_out|折扣金额
bl_sale_out|仓库id
bl_sale_out|仓库名称
bl_sale_out|仓库编码
bl_sale_out|仓库启用仓位管理
bl_sale_out|仓库名称_sp_name
bl_sale_out|库存基本数量
bl_sale_out|退货数量
bl_sale_out|折前金额
bl_sale_out|实际不含税金额
bl_sale_out|本次结算金额
bl_sale_out|折扣金额2
bl_sale_out|基本数量
bl_sale_out|未开票数量
bl_sale_out|已开票数量
bl_sale_out|已开票金额
bl_sale_out|未开票金额
