[connected] Microsoft SQL Server 15.00.2000 as yinjia
== _q_chain_fields.sql ==
  | 物料编码 | 物料编码 | 参照 | 10 | 1 | 0 | 1 | 
  | 物料名称 | 物料名称 | 参照 | 20 | 1 | 0 | 1 | 
  | 规格型号 | 规格型号 | 文本 | 30 | 1 | 0 | 1 | 
  | 单位 | 单位 | 下拉框 | 40 | 1 | 0 | 1 | 
  | 数量 | 数量 | 小数 | 50 | 1 | 0 | 1 | 
  | 数量2 | 数量2 | 小数 | 55 | 1 | 0 | 1 | 
  | 计量单位2 | 计量单位2 | 文本 | 57 | 1 | 0 | 1 | 
  | 单价 | 单价 | 小数 | 60 | 1 | 0 | 1 | 
  | 金额 | 金额 | 小数 | 70 | 1 | 0 | 1 | 
  | 税率% | 税率% | 小数 | 80 | 1 | 0 | 1 | 
  | 含税单价 | 含税单价 | 小数 | 90 | 1 | 0 | 1 | 
  | 含税金额 | 含税金额 | 小数 | 100 | 1 | 0 | 1 | 
  | 仓库 | 仓库 | 参照 | 110 | 1 | 0 | 1 | 
  | 预计到货日期 | 预计到货日期 | 日期 | 120 | 1 | 0 | 1 | 
  | 现存量 | 现存量 | 小数 | 130 | 1 | 0 | 1 | 
  | 折扣% | 折扣% | 小数 | 145 | 1 | 0 | 1 | 
  | 折扣金额 | 折扣金额 | 小数 | 147 | 1 | 0 | 1 | 
  | 源单行号 | 源单行号 | 文本 | 960 | 1 | 1 | 0 | 
  | 单据编号 | 单号 | 文本 | 10 | 0 | 1 | 
  | 业务员 | 业务员 | 文本 | 30 | 0 | 1 | 
  | 供应商代码 | 供应商代码 | 参照 | 40 | 0 | 1 | 
  | 数量 | 数量 | 小数 | 60 | 0 | 1 | 
  | 供应商 | 供应商 | 参照 | 70 | 0 | 1 | 
  | 附件1 | 附件1 | 附件 | 91 | 0 | 1 | 
  | 附件2 | 附件2 | 附件 | 92 | 0 | 1 | 
  | 附件3 | 附件3 | 附件 | 93 | 0 | 1 | 
  | 附件4 | 附件4 | 附件 | 94 | 0 | 1 | 
  | 附件5 | 附件5 | 附件 | 95 | 0 | 1 | 
  | 附件6 | 附件6 | 附件 | 96 | 0 | 1 | 
  | 部门 | 部门 | 参照 | 230 | 0 | 1 | 
  | 单据日期 | 日期 | 日期 | 240 | 0 | 0 | 
  | 部门名称 | 部门名称 | 文本 | 250 | 0 | 1 | 
  | 单据编号 | 单号 | 文本 | 10 | 0 | 1 | 
  | 物料名称 | 物料名称 | 文本 | 30 | 0 | 1 | 
  | 型号 | 型号 | 文本 | 40 | 0 | 1 | 
  | 物料描述 | 物料描述 | 文本 | 50 | 0 | 1 | 
  | 数量 | 数量 | 小数 | 60 | 0 | 1 | 
  | 供应商 | 供应商 | 参照 | 70 | 0 | 1 | 
  | 单价 | 单价 | 小数 | 80 | 0 | 1 | 
  | 折扣 | 折扣 | 小数 | 90 | 0 | 1 | 
  | 金额 | 金额 | 小数 | 100 | 0 | 1 | 
  | 备注 | 备注 | 文本 | 110 | 0 | 1 | 
  | 采购单号 | 采购单号 | 参照 | 120 | 0 | 1 | 
  | 入库数量 | 入库数量 | 小数 | 130 | 0 | 1 | 
  | 入库单号 | 入库单号 | 文本 | 140 | 0 | 1 | 
  | 领料单号 | 领料单号 | 文本 | 150 | 0 | 1 | 
  | 结案 | 结案 | 下拉框 | 160 | 0 | 1 | 
  | 税别代码 | 税别代码 | 文本 | 170 | 0 | 1 | 
  | 税别说明 | 税别说明 | 文本 | 180 | 0 | 1 | 
  | 税额 | 税额 | 小数 | 190 | 0 | 1 | 
  | 总金额 | 总金额 | 小数 | 200 | 0 | 1 | 
  | 订单号 | 订单号 | 参照 | 210 | 0 | 1 | 
  | 箱数 | 箱数 | 小数 | 220 | 0 | 1 | 
  | 部门 | 部门 | 参照 | 230 | 0 | 1 | 
  | 日期 | 日期 | 日期 | 250 | 0 | 1 | 
  | 部门名称 | 部门名称 | 文本 | 250 | 0 | 1 | 
  | 单据编号 | 单据编号 | 文本 | 10 | 0 | 1 | 
  | 单据日期 | 单据日期 | 日期 | 20 | 0 | 1 | 
  | 暂收单号 | 暂收单号 | 参照 | 30 | 0 | 1 | 
  | 供应商 | 供应商 | 文本 | 40 | 0 | 1 | 
  | 检验员 | 检验员 | 文本 | 50 | 0 | 1 | 
  | 检验日期 | 检验日期 | 日期 | 60 | 0 | 1 | 
  | 检验方案 | 检验方案 | 参照 | 70 | 0 | 1 | 
  | 总结论 | 总结论 | 下拉框 | 80 | 0 | 1 | 
  | 备注 | 备注 | 文本 | 90 | 0 | 1 | 
  | 单据状态 | 单据状态 | 文本 | 100 | 0 | 1 | 
  | 审核人 | 审核人 | 文本 | 110 | 0 | 1 | 
  | 审核时间 | 审核时间 | 文本 | 120 | 0 | 1 | 
  | 物料名称 | 物料名称 | 文本 | 210 | 0 | 1 | 
  | 规格型号 | 规格型号 | 文本 | 220 | 0 | 1 | 
  | 单位 | 单位 | 文本 | 230 | 0 | 1 | 
  | 送检数量 | 送检数量 | 小数 | 240 | 0 | 1 | 
  | 合格数量 | 合格数量 | 小数 | 250 | 0 | 1 | 
  | 不合格数量 | 不合格数量 | 小数 | 260 | 0 | 1 | 
  | 处置方式 | 处置方式 | 下拉框 | 270 | 0 | 1 | 
  | 物料描述 | 物料描述 | 文本 | 290 | 0 | 1 | 
  | 箱数 | 箱数 | 小数 | 300 | 0 | 1 | 
  | 日期 | 日期 | 文本 | 310 | 0 | 1 | 
  | 结案 | 结案 | 文本 | 320 | 0 | 1 | 
  | 部门 | 部门 | 文本 | 330 | 0 | 1 | 
  | 部门名称 | 部门名称 | 文本 | 340 | 0 | 1 | 
  | 入库单号 | 入库单号 | 文本 | 350 | 1 | 1 | 
  | bd_purchase_in | 采购订单号 | 
  | bd_purchase_in | 来源单号 | 
  | bd_purchase_in | 来源单据 | 
  | bd_purchase_in | 匹配来源单号 | 
  | bd_purchase_in | 销售订单号 | 
  | bl_pu_order | 分录序号 | 
  | bl_pu_order | 源单id | 
  | bl_pu_order | 源单id_src_bill_no | 
  | bl_pu_order | 源单id_src_inter_id | 
  | bl_pu_order | 源单分录id | 
  | bl_pu_order | 源单类型id | 
  | bl_pu_order | 源单类型编码 | 
  | bl_pu_order | 源单类型名称 | 
  | bl_pu_order | 源单日期 | 
  | bl_pu_order | 源单行号 | 
  | bl_purchase_in | 行号 | 
  | bl_purchase_in | 源单编号 | 
  | bl_purchase_in | 源单分录id | 
  | bl_purchase_in | 源单类型id | 
  | bl_purchase_in | 源单类型编码 | 
  | bl_purchase_in | 源单类型名称 | 
  | bl_purchase_in | 源单内部id | 
  | bl_purchase_in | 源单日期 | 
  | bl_purchase_in | 源单行号 | 
  | sl_recv_detail | 订单号 | 
[OK] _q_chain_fields.sql (7 batches)
