[connected] Microsoft SQL Server 15.00.2000 as yinjia
== _q_qc_fields.sql ==
  | 采购订单行号 | 采购订单行号 | 文本 | 205 | 1 | 0 | 1 | 
  | 物料名称 | 物料名称 | 文本 | 210 | 1 | 0 | 1 | 
  | 规格型号 | 规格型号 | 文本 | 220 | 1 | 0 | 1 | 
  | 单位 | 单位 | 文本 | 230 | 1 | 0 | 1 | 
  | 送检数量 | 送检数量 | 小数 | 240 | 1 | 0 | 1 | 
  | 计量单位 | 计量单位 | 文本 | 245 | 1 | 0 | 1 | 
  | 单价 | 单价 | 小数 | 246 | 1 | 0 | 1 | 
  | 合格数量 | 合格数量 | 小数 | 250 | 1 | 0 | 1 | 
  | 不合格数量 | 不合格数量 | 小数 | 260 | 1 | 0 | 1 | 
  | 处置方式 | 处置方式 | 下拉框 | 270 | 1 | 0 | 1 | 
  | 物料描述 | 物料描述 | 文本 | 290 | 1 | 0 | 1 | 
  | 箱数 | 箱数 | 小数 | 300 | 1 | 0 | 1 | 
  | 日期 | 日期 | 文本 | 310 | 1 | 0 | 1 | 
  | 结案 | 结案 | 文本 | 320 | 1 | 0 | 1 | 
  | 部门 | 部门 | 文本 | 330 | 1 | 0 | 1 | 
  | 部门名称 | 部门名称 | 文本 | 340 | 1 | 0 | 1 | 
  | 入库单号 | 入库单号 | 文本 | 350 | 0 | 1 | 1 | 
  | 单据编号 | 单据编号 | 10 | 0 | 1 | 
  | 单据日期 | 单据日期 | 20 | 0 | 1 | 
  | 暂收单号 | 暂收单号 | 30 | 0 | 1 | 
  | 采购订单号 | 采购订单号 | 35 | 0 | 1 | 
  | 供应商 | 供应商 | 40 | 0 | 1 | 
  | 检验员 | 检验员 | 50 | 0 | 1 | 
  | 检验日期 | 检验日期 | 60 | 0 | 1 | 
  | 检验方案 | 检验方案 | 70 | 0 | 1 | 
  | 总结论 | 总结论 | 80 | 0 | 1 | 
  | 备注 | 备注 | 90 | 0 | 1 | 
  | 单据状态 | 单据状态 | 100 | 0 | 1 | 
  | 审核人 | 审核人 | 110 | 0 | 1 | 
  | 审核时间 | 审核时间 | 120 | 0 | 1 | 
  | 单据编号 | 单号 | 文本 | 10 | 0 | 0 | 1 | 
  | 物料名称 | 物料名称 | 文本 | 30 | 1 | 0 | 1 | 
  | 型号 | 型号 | 文本 | 40 | 1 | 0 | 1 | 
  | 物料描述 | 物料描述 | 文本 | 50 | 1 | 0 | 1 | 
  | 数量 | 数量 | 小数 | 60 | 1 | 0 | 1 | 
  | 供应商 | 供应商 | 参照 | 70 | 1 | 0 | 1 | 
  | 计量单位 | 计量单位 | 文本 | 70 | 1 | 0 | 1 | 
  | 单价 | 单价 | 小数 | 80 | 1 | 0 | 1 | 
  | 折扣 | 折扣 | 小数 | 90 | 1 | 0 | 1 | 
  | 金额 | 金额 | 小数 | 100 | 1 | 0 | 1 | 
  | 备注 | 备注 | 文本 | 110 | 1 | 0 | 1 | 
  | 采购单号 | 采购单号 | 参照 | 120 | 1 | 0 | 1 | 
  | 入库数量 | 入库数量 | 小数 | 130 | 1 | 0 | 1 | 
  | 入库单号 | 入库单号 | 文本 | 140 | 1 | 0 | 1 | 
  | 领料单号 | 领料单号 | 文本 | 150 | 1 | 0 | 1 | 
  | 结案 | 结案 | 下拉框 | 160 | 1 | 0 | 1 | 
  | 税别代码 | 税别代码 | 文本 | 170 | 1 | 0 | 1 | 
  | 税别说明 | 税别说明 | 文本 | 180 | 1 | 0 | 1 | 
  | 税额 | 税额 | 小数 | 190 | 1 | 0 | 1 | 
  | 总金额 | 总金额 | 小数 | 200 | 1 | 0 | 1 | 
  | 采购订单行号 | 采购订单行号 | 文本 | 205 | 1 | 0 | 1 | 
  | 订单号 | 订单号 | 参照 | 210 | 1 | 0 | 1 | 
  | 箱数 | 箱数 | 小数 | 220 | 1 | 0 | 1 | 
  | 部门 | 部门 | 参照 | 230 | 1 | 0 | 1 | 
  | 部门名称 | 部门名称 | 文本 | 250 | 1 | 0 | 1 | 
  | 日期 | 日期 | 日期 | 250 | 1 | 0 | 1 | 
  | qc_insp_detail.单价 | 1 | 
  | qc_insp_detail.计量单位 | 1 | 
  | sl_recv_detail.计量单位 | 1 | 
  | sl_recv_detail.单价 | 1 | 
  | bl_purchase_in.计量单位 | 1 | 
[OK] _q_qc_fields.sql (5 batches)
