[connected] Microsoft SQL Server 15.00.2000 as yinjia
== _q_seqcheck.sql ==
  | YJ-20260916-04 | 已审核 | 2 | 
  | YJ-20260916-03 | 已审核 | 2 | 
  | YJ-20260916-02 | 已审核 | 1 | 
  | YJ-20260916-01 | 已审核 | 5 | 
  | YJ-20260915-12 | 已审核 | 2 | 
  | YJ-20260915-11 | 已审核 | 1 | 
  | YJ-20260915-10 | 已审核 | 1 | 
  | YJ-20260915-09 | 已审核 | 1 | 
  | YJ-20260916-04 | 1 | YJ-JPL-70 | 1.0000 | 
  | YJ-20260916-04 | 2 | YJ-JPL-033 | 218.0000 | 
  | YJ-20260916-03 | 1 | YJ-HDN-001 | 400.0000 | 
  | YJ-20260916-03 | 2 | YJ-HDN-001 | 400.0000 | 
  | YJ-20260916-02 | 1 | YJ-TS-032 | 500.0000 | 
  | YJ-20260916-01 | 1 | YJ-SX-068 | 6200.0000 | 
  | YJ-20260916-01 | 2 | YJ-SX-069 | 6200.0000 | 
  | YJ-20260916-01 | 3 | YJ-SX-070 | 6200.0000 | 
  | YJ-20260916-01 | 4 | YJ-SX-071 | 200.0000 | 
  | YJ-20260916-01 | 5 | YJ-SX-039 | 5000.0000 | 
  | YJ-20260915-12 | 1 | YJ-KBL-021 | 1100.0000 | 
  | YJ-20260915-12 | 2 | YJ-KBL-027 | 600.0000 | 
  | YJ-20260915-11 | 1 | Y-S-T | 600.0000 | 
  | YJ-20260915-10 | 1 | Y-GL-300400 | 300.0000 | 
  | YJ-20260915-09 | 1 | Y-M-D | 400.0000 | 
[OK] _q_seqcheck.sql (3 batches)
