[connected] Microsoft SQL Server 15.00.2000 as yinjia
== _q_stop_status.sql ==
  | 已中止 | 1755 | 
  | 已审核 | 382 | 
  | YJ-20260912-06 | 2026-09-12 | 深圳市驰海包装制品有限公司 | 已审核 | Y | (空) | null | 冯加劲 | 
  | YJ-20260912-04 | 2026-09-12 | 深圳市陶氏水处理设备技术开发有限公司 | 已审核 | Y | (空) | null | 冯加劲 | 
  | YJ-20260912-03 | 2026-09-12 | 深圳兴文睿环保科技有限公司 | 已审核 | Y | (空) | null | 冯加劲 | 
  | YJ-20260911-03 | 2026-09-11 | 北京黑卡博净化材料有限公司 | 已审核 | Y | (空) | null | 冯加劲 | 
  | YJ-20260911-02 | 2026-09-11 | 惠州市惠阳经济开发区诚勤丰塑胶模具厂 | 已审核 | Y | (空) | null | 冯加劲 | 
  | YJ-20260909-06 | 2026-09-09 | 东莞市汉捷胶粘制品有限公司 | 已审核 | Y | (空) | null | 冯加劲 | 
  | YJ-20260908-18 | 2026-09-08 | 山东鑫永恒新材料有限公司 | 已审核 | Y | (空) | null | 冯加劲 | 
  | YJ-20260908-16 | 2026-09-08 | 惠州市双喜科技有限公司 | 已审核 | Y | (空) | null | 冯加劲 | 
  | YJ-20260908-13 | 2026-09-08 | 江苏亨斯曼新材料科技有限公司 | 已审核 | Y | (空) | null | 冯加劲 | 
  | YJ-20260908-07 | 2026-09-08 | 广东黑可可实业有限公司 | 已审核 | Y | (空) | null | 冯加劲 | 
  | YJ-20260908-06 | 2026-09-08 | 灵寿县石峰矿业加工厂 | 已审核 | Y | (空) | null | 冯加劲 | 
  | YJ-20260908-05 | 2026-09-08 | 富尔化工 | 已审核 | Y | (空) | null | 冯加劲 | 
  | YJ-20260908-04 | 2026-09-08 | 江苏卡弗新材料科技有限公司 | 已审核 | Y | (空) | null | 冯加劲 | 
  | YJ-20260908-03 | 2026-09-08 | 兰竹化学企业店 | 已审核 | Y | (空) | null | 冯加劲 | 
  | YJ-20260908-02 | 2026-09-08 | 广州市金崧化工有限公司 | 已审核 | Y | (空) | null | 冯加劲 | 
  | 1755 | 1755 | 0 | 
[OK] _q_stop_status.sql (4 batches)
