java : Picked up JAVA_TOOL_OPTIONS: -Dfile.encoding=UTF-8 -Dstdout.encoding=UTF-8
所在位置 行:1 字符: 211
+ ... ing=UTF-8"; java -cp "lib\mssql-jdbc.jar" SqlRunner.java "jdbc:sqlser ...
+                 ~~~~~~~~~~~~~~~~~~~~~~~~~~~~~~~~~~~~~~~~~~~~~~~~~~~~~~~~~
    + CategoryInfo          : NotSpecified: (Picked up JAVA_....encoding=UTF-8:String) [], RemoteException
    + FullyQualifiedErrorId : NativeCommandError
 
[connected] Microsoft SQL Server 15.00.2000 as yinjia
== migrate-material-out-fields.sql ==
  (0 rows)
  (0 rows)
  (0 rows)
  (0 rows)
  (0 rows)
  (0 rows)
  (0 rows)
  (0 rows)
  (0 rows)
  (0 rows)
  (0 rows)
  (0 rows)
  (0 rows)
  (0 rows)
  (0 rows)
  (0 rows)
  (0 rows)
  (0 rows)
  (0 rows)
  (0 rows)
  (0 rows)
  (0 rows)
  (0 rows)
  (0 rows)
  (0 rows)
  (0 rows)
  (0 rows)
  (0 rows)
  (0 rows)
  (0 rows)
  (0 rows)
  (0 rows)
  (0 rows)
  (0 rows)
  (0 rows)
  (0 rows)
  (0 rows)
  (0 rows)
  (0 rows)
  (0 rows)
  (0 rows)
  (0 rows)
  (0 rows)
  (0 rows)
  (0 rows)
  (0 rows)
  (0 rows)
  (0 rows)
  (0 rows)
  (0 rows)
  (0 rows)
  (0 rows)
  (0 rows)
  (0 rows)
  (0 rows)
  (0 rows)
  (0 rows)
  (0 rows)
  (0 rows)
  (0 rows)
  (0 rows)
  (0 rows)
  (0 rows)
  (0 rows)
  (0 rows)
  (0 rows)
  (0 rows)
  (0 rows)
  (0 rows)
  (0 rows)
  (0 rows)
  (0 rows)
  (0 rows)
  (0 rows)
  (0 rows)
  (0 rows)
  (0 rows)
  (0 rows)
  (0 rows)
  (0 rows)
  (0 rows)
  (0 rows)
  (0 rows)
  (0 rows)
  (0 rows)
  (0 rows)
  (0 rows)
  (0 rows)
[OK] migrate-material-out-fields.sql (6 batches)
== migrate-material-out-erp.sql ==
  (0 rows)
  (0 rows)
  (0 rows)
  (0 rows)
[OK] migrate-material-out-erp.sql (7 batches)
