java : Picked up JAVA_TOOL_OPTIONS: -Dfile.encoding=UTF-8 -Dstdout.encoding=UTF-8
所在位置 行:13 字符: 146
+ ... ing=UTF-8"; java -cp "lib\mssql-jdbc.jar" SqlRunner.java "jdbc:sqlser ...
+                 ~~~~~~~~~~~~~~~~~~~~~~~~~~~~~~~~~~~~~~~~~~~~~~~~~~~~~~~~~
    + CategoryInfo          : NotSpecified: (Picked up JAVA_....encoding=UTF-8:String) [], RemoteException
    + FullyQualifiedErrorId : NativeCommandError
 
[connected] Microsoft SQL Server 15.00.2000 as yinjia
== _q-stockreport-panels.sql ==
  | STOCK_BALANCE | 库存状况表 | 报表 | flat | v_stock_balance | null | null | id | null | null | null | 50 | items | 系统管理 | null | null | Stock Balance | 
  | STOCK_LEDGER | 库存台账 | 报表 | flat | v_stock_ledger | null | null | id | null | null | null | 50 | items | 系统管理 | null | null | Stock Ledger | 
  | STOCK_STATUS | 库存状况 | 报表 | flat | kucun | null | null | id | null | null | null | 100 | null | null | null | null | null | 
  | STOCK_SUMMARY | 收发存汇总表 | 报表 | flat | v_stock_summary | null | null | id | null | null | null | 50 | items | 系统管理 | null | null | In-Out-Balance Summary | 
  | STOCK_BALANCE | detail | 50 | 规格型号 | 规格型号 | 文本 |  |  | 0 | 1 | 
  | STOCK_BALANCE | detail | 60 | 主计量 | 主计量 | 文本 |  |  | 0 | 1 | 
  | STOCK_BALANCE | detail | 70 | 现存量 | 现存量 | 小数 |  |  | 0 | 1 | 
  | STOCK_BALANCE | detail | 80 | 结存单价 | 结存单价 | 小数 |  |  | 0 | 1 | 
  | STOCK_BALANCE | detail | 90 | 结存金额 | 结存金额 | 小数 |  |  | 0 | 1 | 
  | STOCK_BALANCE | query,detail | 10 | 仓库编码 | 仓库编码 | 文本 |  |  | 0 | 1 | 
  | STOCK_BALANCE | query,detail | 20 | 仓库 | 仓库 | 参照 | WH | 仓库名称 | 0 | 1 | 
  | STOCK_BALANCE | query,detail | 30 | 存货编码 | 存货编码 | 文本 |  |  | 0 | 1 | 
  | STOCK_BALANCE | query,detail | 40 | 存货 | 存货 | 参照 | INV | 存货名称 | 0 | 1 | 
  | STOCK_LEDGER | detail | 10 | 仓库编码 | 仓库编码 | 文本 |  |  | 0 | 1 | 
  | STOCK_LEDGER | detail | 30 | 存货编码 | 存货编码 | 文本 |  |  | 0 | 1 | 
  | STOCK_LEDGER | detail | 50 | 规格型号 | 规格型号 | 文本 |  |  | 0 | 1 | 
  | STOCK_LEDGER | detail | 60 | 计量单位 | 计量单位 | 文本 |  |  | 0 | 1 | 
  | STOCK_LEDGER | detail | 65 | 批号 | 批号 | 文本 |  |  | 0 | 1 | 
  | STOCK_LEDGER | detail | 70 | 单据日期 | 单据日期 | 日期 |  |  | 0 | 1 | 
  | STOCK_LEDGER | detail | 80 | 单据类型 | 单据类型 | 文本 |  |  | 0 | 1 | 
  | STOCK_LEDGER | detail | 90 | 单据编号 | 单据编号 | 文本 |  |  | 0 | 1 | 
  | STOCK_LEDGER | detail | 100 | 业务类型 | 业务类型 | 文本 |  |  | 0 | 1 | 
  | STOCK_LEDGER | detail | 110 | 往来单位 | 往来单位 | 文本 |  |  | 0 | 1 | 
  | STOCK_LEDGER | detail | 115 | 往来单位编码 | 往来单位编码 | 文本 |  |  | 0 | 1 | 
  | STOCK_LEDGER | detail | 116 | 经手人 | 经手人 | 文本 |  |  | 0 | 1 | 
  | STOCK_LEDGER | detail | 120 | 收入数量 | 收入数量 | 小数 |  |  | 0 | 1 | 
  | STOCK_LEDGER | detail | 130 | 收入单价 | 收入单价 | 小数 |  |  | 0 | 1 | 
  | STOCK_LEDGER | detail | 140 | 收入金额 | 收入金额 | 小数 |  |  | 0 | 1 | 
  | STOCK_LEDGER | detail | 145 | 含税金额 | 含税金额 | 小数 |  |  | 0 | 1 | 
  | STOCK_LEDGER | detail | 146 | 税额 | 税额 | 小数 |  |  | 0 | 1 | 
  | STOCK_LEDGER | detail | 150 | 发出数量 | 发出数量 | 小数 |  |  | 0 | 1 | 
  | STOCK_LEDGER | detail | 160 | 发出单价 | 发出单价 | 小数 |  |  | 0 | 1 | 
  | STOCK_LEDGER | detail | 170 | 发出金额 | 发出金额 | 小数 |  |  | 0 | 1 | 
  | STOCK_LEDGER | detail | 175 | 发出单据金额 | 发出单据金额 | 小数 |  |  | 0 | 1 | 
  | STOCK_LEDGER | detail | 180 | 期初数量 | 期初数量 | 小数 |  |  | 0 | 1 | 
  | STOCK_LEDGER | detail | 190 | 期初平均单价 | 期初平均单价 | 小数 |  |  | 0 | 1 | 
  | STOCK_LEDGER | detail | 200 | 期初金额 | 期初金额 | 小数 |  |  | 0 | 1 | 
  | STOCK_LEDGER | detail | 210 | 期末数量 | 期末数量 | 小数 |  |  | 0 | 1 | 
  | STOCK_LEDGER | detail | 220 | 期末平均单价 | 期末平均单价 | 小数 |  |  | 0 | 1 | 
  | STOCK_LEDGER | detail | 230 | 期末金额 | 期末金额 | 小数 |  |  | 0 | 1 | 
  | STOCK_LEDGER | query,detail | 20 | 仓库 | 仓库 | 参照 | WH | 仓库名称 | 0 | 1 | 
  | STOCK_LEDGER | query,detail | 40 | 存货 | 存货 | 参照 | INV | 存货名称 | 0 | 1 | 
  | STOCK_STATUS | detail | 2 | wzdm | 存货 | 文本 |  |  | 0 | 1 | 
  | STOCK_STATUS | detail | 6 | rkl | 累计入库量 | 小数 |  |  | 0 | 1 | 
  | STOCK_STATUS | detail | 7 | ckl | 累计出库量 | 小数 |  |  | 0 | 1 | 
  | STOCK_STATUS | detail | 8 | yl | 现存量(主) | 小数 |  |  | 0 | 1 | 
  | STOCK_STATUS | detail | 9 | yl2 | 辅助结余 | 小数 |  |  | 0 | 1 | 
  | STOCK_STATUS | detail | 10 | in_date | 入库日期 | 日期 |  |  | 0 | 1 | 
  | STOCK_STATUS | query,detail | 1 | wzdm | 存货编码 | 文本 |  |  | 0 | 1 | 
  | STOCK_STATUS | query,detail | 3 | ckdm | 仓库 | 文本 |  |  | 0 | 1 | 
  | STOCK_STATUS | query,detail | 4 | lot_no | 批号 | 文本 |  |  | 0 | 1 | 
  | STOCK_STATUS | query,detail | 5 | khdm | 客户代码 | 文本 |  |  | 0 | 1 | 
  | STOCK_SUMMARY | detail | 10 | 仓库编码 | 仓库编码 | 文本 |  |  | 0 | 1 | 
  | STOCK_SUMMARY | detail | 30 | 存货编码 | 存货编码 | 文本 |  |  | 0 | 1 | 
  | STOCK_BALANCE | 9 | 
  | STOCK_LEDGER | 29 | 
  | STOCK_STATUS | 10 | 
  | STOCK_SUMMARY | 19 | 
[OK] _q-stockreport-panels.sql (5 batches)
