鐧诲綍 OK isAdmin=True
闈㈡澘: 材料出库单 | mode= | 鍒楁暟=30
鎸夐挳缁?
  [] 
  [] 
  [] 
  [] 
  [] 
  [] 
  [] 
  [] 
  [] 
  [] 
  [] 
  [] 
  [] 

== 鏄庣粏鍒?甯歌瀛楁鍦ㄥ墠)==
                               hidden=
                               hidden=
                               hidden=
                               hidden=
                               hidden=
                               hidden=
                               hidden=
                               hidden=
                               hidden=
                               hidden=
                               hidden=
                               hidden=
                               hidden=
                               hidden=
                               hidden=
                               hidden=
                               hidden=
                               hidden=
                               hidden=
                               hidden=
                               hidden=
                               hidden=
                               hidden=
                               hidden=
                               hidden=
                               hidden=
                               hidden=
                               hidden=
                               hidden=
                               hidden=

== 琛ㄥご瀛楁 ==

== 鏌ヨ鍖哄瓧娈?==
  
  
  
  
  
  
  
  
  
  
  
  
