java : Picked up JAVA_TOOL_OPTIONS: -Dfile.encoding=UTF-8 -Dstdout.encoding=UTF-8
所在位置 行:13 字符: 67
+ ... oding utf8; java -cp "lib\mssql-jdbc.jar" SqlRunner.java "jdbc:sqlser ...
+                 ~~~~~~~~~~~~~~~~~~~~~~~~~~~~~~~~~~~~~~~~~~~~~~~~~~~~~~~~~
    + CategoryInfo          : NotSpecified: (Picked up JAVA_....encoding=UTF-8:String) [], RemoteException
    + FullyQualifiedErrorId : NativeCommandError
 
[connected] Microsoft SQL Server 15.00.2000 as yinjia
== _q-views-small.sql ==
  | 
CREATE VIEW dbo.v_stock_ledger AS
SELECT ROW_NUMBER() OVER (ORDER BY m.仓库键, m.存货编码, m.单据日期, m.src, m.rid) AS id,
       CONVERT(nvarchar(10), m.单据日期, 120) AS 开始日期,
       CONVERT(nvarchar(10), m.单据日期, 120) AS 结束日期,
       m.仓库编码, m.仓库, m.存货编码, m.存货, m.规格型号, m.计量单位, m.批号,
       m.单据日期, m.单据类型, m.单据编号, m.业务类型, m.往来单位, m.往来单位编码, m.经手人,
       ISNULL(c.结存数量,0) - m.收入数量 + m.发出数量 AS 期初数量,
       CASE WHEN ISNULL(c.结存数量,0) - m.收入数量 + m.发出数量 <> 0
            THEN (ISNULL(c.结存金额,0) - m.收入金额 + ISNULL(c.发出成本金额,0))
                 / (ISNULL(c.结存数量,0) - m.收入数量 + m.发出数量)
            ELSE 0 END AS 期初平均单价,
       ISNULL(c.结存金额,0) - m.收入金额 + ISNULL(c.发出成本金额,0) AS 期初金额,
       m.收入数量,
       CASE WHEN m.收入数量<>0 THEN m.收入金额/m.收入数量 ELSE 0 END AS 收入单价,
       m.收入金额,
       m.含税金额, m.税额,
       m.发出数量,
       CASE WHEN m.发出数量<>0 THEN ISNULL(c.发出成本金额,0)/m.发出数量 ELSE 0 END AS 发出单价,
       ISNULL(c.发出成本金额,0) AS 发出金额,
       m.发出单据金额,
       ISNULL(c.结存数量,0) AS 期末数量,
       ISNULL(c.移动加权单价,0) AS 期末平均单价,
       ISNULL(c.结存金额,0) AS 期末金额,
       CAST('N' AS char(1)) AS asp_cancel
FROM dbo.v_stock_movement m
LEFT JOIN dbo.inv_cost_ledger c ON c.src = m.src AND c.rid = m.rid;
 | 
  | 
CREATE VIEW dbo.v_stock_balance AS
SELECT ROW_NUMBER() OVER (ORDER BY m.仓库, m.存货编码, m.存货) AS id,
       m.仓库编码, m.仓库, m.存货编码, m.存货, m.规格型号, m.主计量,
       SUM(m.数量*m.sign) AS 现存量,
       CASE WHEN SUM(m.数量*m.sign)<>0 THEN SUM(m.金额*m.sign)/SUM(m.数量*m.sign) ELSE 0 END AS 结存单价,
       SUM(m.金额*m.sign) AS 结存金额,
       CAST('N' AS char(1)) AS asp_cancel
FROM (
  -- 在库:现存量按 仓库键+存货 聚合;金额 = 收入金额 − 移动加权发出成本(取自物化表)
  SELECT m.仓库键, m.仓库编码, m.仓库, m.存货编码, m.存货, m.规格型号, m.计量单位 AS 主计量,
         m.收入数量 - m.发出数量 AS 数量,
         m.收入金额 - ISNULL(c.发出成本金额,0) AS 金额, 1 AS sign
  FROM dbo.v_stock_movement m
  LEFT JOIN dbo.inv_cost_ledger c ON c.src = m.src AND c.rid = m.rid
) m
-- 与成本分区键同口径(含 仓库键):否则同编码不同名称写法会被拆成两行,与成本口径不一致
GROUP BY m.仓库键, m.仓库编码, m.仓库, m.存货编码, m.存货, m.规格型号, m.主计量;
 | 
  | 
CREATE VIEW dbo.v_stock_summary AS
WITH monthly AS (
  SELECT 仓库编码, 仓库, 存货编码, 存货, 规格型号, 计量单位 AS 主单位,
         ISNULL(CONVERT(nvarchar(7), 单据日期, 120), N'未填日期') AS 期次,
         SUM(收入数量) AS 本期入库数量, SUM(收入金额) AS 本期入库金额,
         SUM(发出数量) AS 本期出库数量, SUM(发出金额) AS 本期出库金额
  FROM dbo.v_stock_ledger
  GROUP BY 仓库编码, 仓库, 存货编码, 存货, 规格型号, 计量单位,
           ISNULL(CONVERT(nvarchar(7), 单据日期, 120), N'未填日期')
),
run AS (
  SELECT monthly.*,
         SUM(本期入库数量 - 本期出库数量) OVER (PARTITION BY 仓库编码, 仓库, 存货编码, 存货
              ORDER BY 期次 ROWS UNBOUNDED PRECEDING) AS 期末结存数量,
         SUM(本期入库金额 - 本期出库金额) OVER (PARTITION BY 仓库编码, 仓库, 存货编码, 存货
              ORDER BY 期次 ROWS UNBOUNDED PRECEDING) AS 期末结存金额
  FROM monthly
),
calc AS (
  SELECT *, 期末结存数量 - (本期入库数量 - 本期出库数量) AS 期初数量,
            期末结存金额 - (本期入库金额 - 本期出库金额) AS 期初金额
  FROM run
)
SELECT ROW_NUMBER() OVER (ORDER BY 仓库, 存货编码, 期次) AS id,
       CASE WHEN 期次 LIKE '[0-9][0-9][0-9][0-9]-[0-9][0-9]' THEN 期次 + '-01' END AS 开始日期,
       CASE WHEN 期次 LIKE '[0-9][0-9][0-9][0-9]-[0-9][0-9]'
            THEN CONVERT(nvarchar(10), DATEADD(DAY, -1, DATEADD(MONTH, 1, 期次 + '-01')), 120) END AS 结束日期,
       仓库编码, 仓库, 存货编码, 存货, 规格型号, 主单位, 期次,
       期初数量, CASE WHEN 期初数量<>0 THEN 期初金额/期初数量 ELSE 0 END AS 期初平均单价, 期初金额,
       本期入库数量, CASE WHEN 本期入库数量<>0 THEN 本期入库金额/本期入库数量 ELSE 0 END AS 入库平均单价, 本期入库金额,
       本期出库数量, CASE WHEN 本期出库数量<>0 THEN 本期出库金额/本期出库数量 ELSE 0 END AS 出库平均单价, 本期出库金额,
       期末结存数量, CASE WHEN 期末结存数量<>0 THEN 期末结存金额/期末结存数量 ELSE 0 END AS 期末平均单价, 期末结存金额,
       CAST('N' AS char(1)) AS asp_cancel
FROM calc;
 | 
[OK] _q-views-small.sql (4 batches)
