CREATE VIEW v_lot_trace AS
SELECT d.[批号] AS 批号, d.[物料编码] AS 物料编码, d.[物料名称] AS 物料名称, N'暂收' AS 事件,
       h.[单据编号] AS 单据编号, h.[单据日期] AS 单据日期, d.[暂收数量] AS 数量, d.[仓库] AS 仓库,
       CASE WHEN ISNULL(st.canceled,'N')='Y' THEN N'已作废' WHEN st.shr IS NOT NULL THEN N'已审核' ELSE N'草稿' END AS 状态,
       h.[经手人] AS 相关人, h.[供应商] AS 对象, CAST(NULL AS char(1)) AS asp_cancel
FROM qc_recv_detail d JOIN qc_recv h ON h.[单据编号] = d.[单据编号]
LEFT JOIN yj_doc_status st ON st.panel_code = 'QC_RECV' AND st.doc_no = h.[单据编号]
WHERE d.[批号] IS NOT NULL AND ISNULL(d.asp_cancel,'N')<>'Y'
UNION ALL
SELECT d.[批号], d.[物料编码], d.[物料名称], N'来料检验', h.[单据编号], h.[单据日期], d.[送检数量], NULL,
       CASE WHEN ISNULL(st.canceled,'N')='Y' THEN N'已作废' WHEN st.shr IS NOT NULL THEN N'已审核' ELSE N'草稿' END,
       h.[检验员], h.[供应商], CAST(NULL AS char(1))
FROM qc_insp_detail d JOIN qc_insp h ON h.[单据编号] = d.[单据编号]
LEFT JOIN yj_doc_status st ON st.panel_code = 'QC_INSP' AND st.doc_no = h.[单据编号]
WHERE d.[批号] IS NOT NULL AND ISNULL(d.asp_cancel,'N')<>'Y'
UNION ALL
SELECT l.[批号], l.[存货编码], l.[存货名称], N'采购入库', h.[单据编号], h.[单据日期], l.[实收数量], l.[仓库],
       CASE WHEN ISNULL(st.canceled,'N')='Y' THEN N'已作废' WHEN st.shr IS NOT NULL THEN N'已审核' ELSE N'草稿' END,
       h.[审核人], h.[供应商], CAST(NULL AS char(1))
FROM bl_purchase_in l JOIN bd_purchase_in h ON h.[单据编号] = l.[单据编号]
LEFT JOIN yj_doc_status st ON st.panel_code = 'PURCHASE_IN' AND st.doc_no = h.[单据编号]
WHERE l.[批号] IS NOT NULL AND ISNULL(l.asp_cancel,'N')<>'Y'
UNION ALL
SELECT l.[批号], l.[材料编码], l.[材料名称], N'领料出库', h.[单据编号], h.[单据日期], l.[数量], l.[仓库],
       CASE WHEN ISNULL(st.canceled,'N')='Y' THEN N'已作废' WHEN st.shr IS NOT NULL THEN N'已审核' ELSE N'草稿' END,
       h.[领用人], h.[加工单号], CAST(NULL AS char(1))
FROM bl_material_out l JOIN bd_material_out h ON h.[单据编号] = l.[单据编号]
LEFT JOIN yj_doc_status st ON st.panel_code = 'MATERIAL_OUT' AND st.doc_no = h.[单据编号]
WHERE l.[批号] IS NOT NULL AND ISNULL(l.asp_cancel,'N')<>'Y'
UNION ALL
SELECT NULL, w.[产品编码], w.[产品名称], N'工序质检(' + h.[工序] + N')', h.[单据编号], h.[单据日期], NULL, w.[生产车间],
       CASE WHEN ISNULL(st.canceled,'N')='Y' THEN N'已作废' WHEN st.shr IS NOT NULL THEN N'已审核' ELSE N'草稿' END,
       h.[检验员], h.[工单号], CAST(NULL AS char(1))
FROM qc_op h JOIN wo_order w ON w.[单据编号] = h.[工单号]
LEFT JOIN yj_doc_status st ON st.panel_code = 'QC_OP' AND st.doc_no = h.[单据编号]
WHERE ISNULL(h.asp_cancel,'N')<>'Y'
UNION ALL
SELECT d.[批号], d.[物料编码], d.[物料名称], N'不良处置(' + d.[处置方式] + N')', d.[单据编号], d.[单据日期], d.[数量], d.[原仓库],
       CASE WHEN ISNULL(st.canceled,'N')='Y' THEN N'已作废' WHEN st.shr IS NOT NULL THEN N'已审核' ELSE N'草稿' END,
       d.[经手人], d.[处置原因], CAST(NULL AS char(1))
FROM qc_disposal d LEFT JOIN yj_doc_status st ON st.panel_code = 'QC_DISPOSAL' AND st.doc_no = d.[单据编号]
WHERE d.[批号] IS NOT NULL AND ISNULL(d.asp_cancel,'N')<>'Y'
UNION ALL
SELECT l.[批号], l.[产品编码], l.[产品名称], N'成品入库', h.[单据编号], h.[单据日期], l.[实收数量], l.[仓库],
       CASE WHEN ISNULL(st.canceled,'N')='Y' THEN N'已作废' WHEN st.shr IS NOT NULL THEN N'已审核' ELSE N'草稿' END,
       h.[经手人], h.[加工单号], CAST(NULL AS char(1))
FROM bl_finish_in l JOIN bd_finish_in h ON h.[单据编号] = l.[单据编号]
LEFT JOIN yj_doc_status st ON st.panel_code = 'FINISH_IN' AND st.doc_no = h.[单据编号]
WHERE l.[批号] IS NOT NULL AND ISNULL(l.asp_cancel,'N')<>'Y'
UNION ALL
SELECT l.[批号], l.[存货编码], l.[存货名称], N'销售出库', h.[单据编号], h.[单据日期], l.[数量], l.[仓库],
       CASE WHEN ISNULL(st.canceled,'N')='Y' THEN N'已作废' WHEN st.shr IS NOT NULL THEN N'已审核' ELSE N'草稿' END,
       h.[经手人], h.[客户], CAST(NULL AS char(1))
FROM bl_sale_out l JOIN bd_sale_out h ON h.[单据编号] = l.[单据编号]
LEFT JOIN yj_doc_status st ON st.panel_code = 'SALE_OUT' AND st.doc_no = h.[单据编号]
WHERE l.[批号] IS NOT NULL AND ISNULL(l.asp_cancel,'N')<>'Y';
