id|仓库编码|仓库名称|仓库分类|状态|停用|作废|外部数据ID|创建者|创建时间
90|YJ-08|车间仓||启用|0|N|2174067714627325952|jdy-sync|2026-09-17 09:39:13
91|CP-02|成品B仓||启用|0|N|2220441270411712512|jdy-sync|2026-09-17 09:39:13
92|CK00003|成品不良品区||启用|0|N|2199600261708772352|jdy-sync|2026-09-17 09:39:13
93|YCL-01|恒亿仓||启用|0|N|2243772584451731456|jdy-sync|2026-09-17 09:39:13
94|CK00006|华北工控仓||启用|0|N|2436465656128978944|jdy-sync|2026-09-17 09:39:14
95|CK00005|原料不良品仓||启用|0|N|2211729941102442496|jdy-sync|2026-09-17 09:39:14
96|CK01|原料仓||启用|0|N||migration|2026-09-23 12:58:44
97|CK02|辅料仓||启用|0|N||migration|2026-09-23 12:58:44
98|CK03|成品仓||启用|0|N||migration|2026-09-23 12:58:44
99|CK04|半成品仓||启用|0|N||migration|2026-09-23 12:58:44
100|CK05|不良品仓||启用|0|N||migration|2026-09-23 12:58:44
bs_wh行数|启用行数|有外部数据ID行数
11|11|6
仓库编码|物料编码|行数|现存量
CK00001|TEST-MAT-A|2|80.0
CK00001|TEST-MAT-B|1|50.0
CK00005|YJ-AJ-022|1|6000.0
CK00006|YJ-AJ-017|1|200.0
CK00006|YJ-KG-JC-B02|1|100.0
CK00006|YJ-SX-031|3|4600.0
CK00006|YJ-SX-035|1|1800.0
CK00006|YJ-XWR-003|1|10000.0
CK00006|YJ-XWR-031|1|200.0
CK00006|YJ-XWR-032|1|200.0
CK00006|Y-S-T|1|1.0
CK01|C-95-13|1|-19.0
CK01|C-95-13**TB|1|-444.0
CK01|C-95-14|3|-965.0
CK01|C-95-14**TB|2|630.0
CK01|CL001|4|-452.0
CK01|CL002|9|-2250.0
CK01|CL003|1|-87.0
CK01|CL004|2|-512.0
CK01|CP002|1|529.0
CK01|CP003|3|-17.0
CK01|CP005|2|-432.0
CK02|C-95-13|3|53.0
CK02|C-95-13**TB|1|-153.0
CK02|C-95-14|1|451.0
CK02|C-95-14**TB|1|-107.0
CK02|CL001|5|1300.0
CK02|CL002|7|998.0
CK02|CL003|4|626.0
CK02|CL004|4|62.0
CK02|CL005|2|-388.0
CK02|CP001|1|-382.0
CK02|CP002|2|-242.0
CK02|CP003|1|-438.0
CK02|CP004|4|1928.0
CK03|C-95-13|4|-59.0
CK03|C-95-13**TB|3|-622.0
CK03|C-95-14|3|455.0
CK03|C-95-14**TB|3|928.0
CK03|CL001|3|1122.0
CK03|CL002|2|1428.0
CK03|CL003|1|781.0
CK03|CL004|2|-115.0
CK03|CL005|4|1500.0
CK03|CP001|3|1292.0
CK03|CP003|2|-651.0
CK03|CP004|1|-490.0
CK03|CP005|3|-131.0
CK04|C-95-13|4|941.0
CK04|C-95-13**TB|3|-595.0
CK04|C-95-14|6|1708.0
CK04|C-95-14**TB|6|1067.0
CK04|CL001|1|926.0
CK04|CL002|11|2699.0
CK04|CL003|2|1018.0
CK04|CL004|2|1615.0
CK04|CL005|1|-306.0
CK04|CP001|5|1737.0
CK04|CP002|3|1225.0
CK04|CP003|4|826.0
CK04|CP004|6|-1233.0
CK04|CP005|4|1912.0
CK05|C-95-13|5|-569.0
CK05|C-95-13**TB|3|997.0
CK05|C-95-14|2|458.0
CK05|C-95-14**TB|7|-176.0
CK05|CL001|4|-249.0
CK05|CL002|5|-950.0
CK05|CL003|2|-396.0
CK05|CL004|4|-1055.0
CK05|CL005|7|-1269.0
CK05|CP001|4|658.0
CK05|CP003|3|239.0
CK05|CP004|4|92.0
CK05|CP005|2|616.0
CP-02|A-48-01|1|-1050.0
CP-02|A-48-12|1|-536.0
CP-02|A-48-17|1|-895.0
CP-02|C-78-09|1|-280.0
CP-02|C-78-17|1|-512.0
CP-02|C-78-21|1|-976.0
CP-02|C-78-31|1|-502.0
CP-02|C-95-02|1|-176.0
YCL-01|HD-050|1|0.0
YCL-01|Y-GL-300400|6|0.0
YCL-01|YJ-AJ-011|1|0.0
YCL-01|YJ-AJ-033|1|0.0
YCL-01|YJ-DGM-003|1|0.0
YCL-01|YJ-GL-035|1|0.0
YCL-01|YJ-KBL-005|1|0.0
YCL-01|YJ-KBL-021|1|0.0
YCL-01|YJ-KBL-025|1|0.0
YCL-01|YJ-SDXYH-015|1|0.0
YCL-01|YJ-SX-002-2|1|2000.0
YCL-01|YJ-SX-066|1|0.0
YCL-01|YJ-TS-024|1|0.0
YCL-01|YJ-TS-033|1|0.0
YCL-01|YJ-TXS-001|1|0.0
YCL-01|YJ-XWR-003|1|0.0
YCL-01|YJ-YCYX-029|1|200.0
YCL-01|YJ-YCYX-054|2|500.0
YCL-01|Y-M-D|2|0.0
YCL-01|Y-S-T|5|20.0
仓库编码|物料数|现存量合计
CK00001|2|130.0
CK00005|1|6000.0
CK00006|8|17101.0
CK01|11|-4019.0
CK02|13|3708.0
CK03|13|5438.0
CK04|14|13540.0
CK05|13|-1604.0
CP-02|8|-4927.0
YCL-01|20|2720.0
